Archive member included to satisfy reference by file (symbol)

d:/master/robotique/truestudio for stm32 9.3.0/armtools/bin/../lib/gcc/arm-atollic-eabi/6.3.1/../../../../arm-atollic-eabi/lib/armv7e-m/fpu\libc_nano.a(lib_a-calloc.o)
                              Src\math\matrix.o (calloc)
d:/master/robotique/truestudio for stm32 9.3.0/armtools/bin/../lib/gcc/arm-atollic-eabi/6.3.1/../../../../arm-atollic-eabi/lib/armv7e-m/fpu\libc_nano.a(lib_a-errno.o)
                              Src\retarget.o (__errno)
d:/master/robotique/truestudio for stm32 9.3.0/armtools/bin/../lib/gcc/arm-atollic-eabi/6.3.1/../../../../arm-atollic-eabi/lib/armv7e-m/fpu\libc_nano.a(lib_a-fprintf.o)
                              Src\math\matrix.o (fprintf)
d:/master/robotique/truestudio for stm32 9.3.0/armtools/bin/../lib/gcc/arm-atollic-eabi/6.3.1/../../../../arm-atollic-eabi/lib/armv7e-m/fpu\libc_nano.a(lib_a-fwrite.o)
                              Src\math\algebra.o (fwrite)
d:/master/robotique/truestudio for stm32 9.3.0/armtools/bin/../lib/gcc/arm-atollic-eabi/6.3.1/../../../../arm-atollic-eabi/lib/armv7e-m/fpu\libc_nano.a(lib_a-impure.o)
                              Src\math\algebra.o (_impure_ptr)
d:/master/robotique/truestudio for stm32 9.3.0/armtools/bin/../lib/gcc/arm-atollic-eabi/6.3.1/../../../../arm-atollic-eabi/lib/armv7e-m/fpu\libc_nano.a(lib_a-init.o)
                              startup\startup_stm32f401xe.o (__libc_init_array)
d:/master/robotique/truestudio for stm32 9.3.0/armtools/bin/../lib/gcc/arm-atollic-eabi/6.3.1/../../../../arm-atollic-eabi/lib/armv7e-m/fpu\libc_nano.a(lib_a-malloc.o)
                              Src\math\matrix.o (malloc)
d:/master/robotique/truestudio for stm32 9.3.0/armtools/bin/../lib/gcc/arm-atollic-eabi/6.3.1/../../../../arm-atollic-eabi/lib/armv7e-m/fpu\libc_nano.a(lib_a-memcpy-stub.o)
                              Middlewares\Third_Party\FreeRTOS\Source\CMSIS_RTOS_V2\cmsis_os2.o (memcpy)
d:/master/robotique/truestudio for stm32 9.3.0/armtools/bin/../lib/gcc/arm-atollic-eabi/6.3.1/../../../../arm-atollic-eabi/lib/armv7e-m/fpu\libc_nano.a(lib_a-memset.o)
                              Middlewares\Third_Party\FreeRTOS\Source\stream_buffer.o (memset)
d:/master/robotique/truestudio for stm32 9.3.0/armtools/bin/../lib/gcc/arm-atollic-eabi/6.3.1/../../../../arm-atollic-eabi/lib/armv7e-m/fpu\libc_nano.a(lib_a-nano-callocr.o)
                              d:/master/robotique/truestudio for stm32 9.3.0/armtools/bin/../lib/gcc/arm-atollic-eabi/6.3.1/../../../../arm-atollic-eabi/lib/armv7e-m/fpu\libc_nano.a(lib_a-calloc.o) (_calloc_r)
d:/master/robotique/truestudio for stm32 9.3.0/armtools/bin/../lib/gcc/arm-atollic-eabi/6.3.1/../../../../arm-atollic-eabi/lib/armv7e-m/fpu\libc_nano.a(lib_a-nano-freer.o)
                              d:/master/robotique/truestudio for stm32 9.3.0/armtools/bin/../lib/gcc/arm-atollic-eabi/6.3.1/../../../../arm-atollic-eabi/lib/armv7e-m/fpu\libc_nano.a(lib_a-malloc.o) (_free_r)
d:/master/robotique/truestudio for stm32 9.3.0/armtools/bin/../lib/gcc/arm-atollic-eabi/6.3.1/../../../../arm-atollic-eabi/lib/armv7e-m/fpu\libc_nano.a(lib_a-nano-mallocr.o)
                              d:/master/robotique/truestudio for stm32 9.3.0/armtools/bin/../lib/gcc/arm-atollic-eabi/6.3.1/../../../../arm-atollic-eabi/lib/armv7e-m/fpu\libc_nano.a(lib_a-malloc.o) (_malloc_r)
d:/master/robotique/truestudio for stm32 9.3.0/armtools/bin/../lib/gcc/arm-atollic-eabi/6.3.1/../../../../arm-atollic-eabi/lib/armv7e-m/fpu\libc_nano.a(lib_a-nano-vfprintf.o)
                              d:/master/robotique/truestudio for stm32 9.3.0/armtools/bin/../lib/gcc/arm-atollic-eabi/6.3.1/../../../../arm-atollic-eabi/lib/armv7e-m/fpu\libc_nano.a(lib_a-fprintf.o) (_vfprintf_r)
d:/master/robotique/truestudio for stm32 9.3.0/armtools/bin/../lib/gcc/arm-atollic-eabi/6.3.1/../../../../arm-atollic-eabi/lib/armv7e-m/fpu\libc_nano.a(lib_a-nano-vfprintf_i.o)
                              d:/master/robotique/truestudio for stm32 9.3.0/armtools/bin/../lib/gcc/arm-atollic-eabi/6.3.1/../../../../arm-atollic-eabi/lib/armv7e-m/fpu\libc_nano.a(lib_a-nano-vfprintf.o) (_printf_i)
d:/master/robotique/truestudio for stm32 9.3.0/armtools/bin/../lib/gcc/arm-atollic-eabi/6.3.1/../../../../arm-atollic-eabi/lib/armv7e-m/fpu\libc_nano.a(lib_a-perror.o)
                              Src\math\matrix.o (perror)
d:/master/robotique/truestudio for stm32 9.3.0/armtools/bin/../lib/gcc/arm-atollic-eabi/6.3.1/../../../../arm-atollic-eabi/lib/armv7e-m/fpu\libc_nano.a(lib_a-printf.o)
                              Src\main.o (printf)
d:/master/robotique/truestudio for stm32 9.3.0/armtools/bin/../lib/gcc/arm-atollic-eabi/6.3.1/../../../../arm-atollic-eabi/lib/armv7e-m/fpu\libc_nano.a(lib_a-putchar.o)
                              Src\math\filter.o (putchar)
d:/master/robotique/truestudio for stm32 9.3.0/armtools/bin/../lib/gcc/arm-atollic-eabi/6.3.1/../../../../arm-atollic-eabi/lib/armv7e-m/fpu\libc_nano.a(lib_a-puts.o)
[...]
Memory Configuration

Name             Origin             Length             Attributes
FLASH            0x08000000         0x00080000         xr
RAM              0x20000000         0x00018000         xrw
MEMORY_B1        0x60000000         0x00000000         xr
CCMRAM           0x10000000         0x00010000         rw
*default*        0x00000000         0xffffffff

Linker script and memory map

LOAD d:/master/robotique/truestudio for stm32 9.3.0/armtools/bin/../lib/gcc/arm-atollic-eabi/6.3.1/armv7e-m/fpu/crti.o
LOAD d:/master/robotique/truestudio for stm32 9.3.0/armtools/bin/../lib/gcc/arm-atollic-eabi/6.3.1/armv7e-m/fpu/crtbegin.o
LOAD Drivers\STM32F4xx_HAL_Driver\Src\stm32f4xx_hal.o
LOAD Drivers\STM32F4xx_HAL_Driver\Src\stm32f4xx_hal_cortex.o
LOAD Drivers\STM32F4xx_HAL_Driver\Src\stm32f4xx_hal_dma.o
LOAD Drivers\STM32F4xx_HAL_Driver\Src\stm32f4xx_hal_dma_ex.o
LOAD Drivers\STM32F4xx_HAL_Driver\Src\stm32f4xx_hal_exti.o
LOAD Drivers\STM32F4xx_HAL_Driver\Src\stm32f4xx_hal_flash.o
LOAD Drivers\STM32F4xx_HAL_Driver\Src\stm32f4xx_hal_flash_ex.o
LOAD Drivers\STM32F4xx_HAL_Driver\Src\stm32f4xx_hal_flash_ramfunc.o
LOAD Drivers\STM32F4xx_HAL_Driver\Src\stm32f4xx_hal_gpio.o
LOAD Drivers\STM32F4xx_HAL_Driver\Src\stm32f4xx_hal_i2c.o
LOAD Drivers\STM32F4xx_HAL_Driver\Src\stm32f4xx_hal_i2c_ex.o
LOAD Drivers\STM32F4xx_HAL_Driver\Src\stm32f4xx_hal_pwr.o
LOAD Drivers\STM32F4xx_HAL_Driver\Src\stm32f4xx_hal_pwr_ex.o
LOAD Drivers\STM32F4xx_HAL_Driver\Src\stm32f4xx_hal_rcc.o
LOAD Drivers\STM32F4xx_HAL_Driver\Src\stm32f4xx_hal_rcc_ex.o
LOAD Drivers\STM32F4xx_HAL_Driver\Src\stm32f4xx_hal_tim.o
LOAD Drivers\STM32F4xx_HAL_Driver\Src\stm32f4xx_hal_tim_ex.o
LOAD Drivers\STM32F4xx_HAL_Driver\Src\stm32f4xx_hal_uart.o
LOAD Middlewares\Third_Party\FreeRTOS\Source\CMSIS_RTOS_V2\cmsis_os2.o
LOAD Middlewares\Third_Party\FreeRTOS\Source\croutine.o
LOAD Middlewares\Third_Party\FreeRTOS\Source\event_groups.o
LOAD Middlewares\Third_Party\FreeRTOS\Source\list.o
LOAD Middlewares\Third_Party\FreeRTOS\Source\portable\GCC\ARM_CM4F\port.o
LOAD Middlewares\Third_Party\FreeRTOS\Source\portable\MemMang\heap_4.o
LOAD Middlewares\Third_Party\FreeRTOS\Source\queue.o
LOAD Middlewares\Third_Party\FreeRTOS\Source\stream_buffer.o
LOAD Middlewares\Third_Party\FreeRTOS\Source\tasks.o
LOAD Middlewares\Third_Party\FreeRTOS\Source\timers.o
LOAD Src\bno055.o
LOAD Src\bno055_support.o
LOAD Src\freertos.o
LOAD Src\main.o
LOAD Src\math\algebra.o
LOAD Src\math\algebra_common.o
LOAD Src\math\filter.o
LOAD Src\math\kalman.o
LOAD Src\math\matrix.o
LOAD Src\math\other.o
LOAD Src\math\polynomial.o
LOAD Src\math\quaternion.o
LOAD Src\math\ring_buffer.o
LOAD Src\math\vector.o
LOAD Src\retarget.o
LOAD Src\stm32f4xx_hal_msp.o
LOAD Src\stm32f4xx_hal_timebase_tim.o
LOAD Src\stm32f4xx_it.o
LOAD Src\syscalls.o
LOAD Src\system_stm32f4xx.o
LOAD startup\startup_stm32f401xe.o
                0x00000080                malloc_getpagesize_P = 0x80
START GROUP
LOAD d:/master/robotique/truestudio for stm32 9.3.0/armtools/bin/../lib/gcc/arm-atollic-eabi/6.3.1/../../../../arm-atollic-eabi/lib/armv7e-m/fpu\libc_nano.a
LOAD d:/master/robotique/truestudio for stm32 9.3.0/armtools/bin/../lib/gcc/arm-atollic-eabi/6.3.1/../../../../arm-atollic-eabi/lib/armv7e-m/fpu\libm.a
END GROUP
START GROUP
LOAD d:/master/robotique/truestudio for stm32 9.3.0/armtools/bin/../lib/gcc/arm-atollic-eabi/6.3.1/armv7e-m/fpu\libgcc.a
LOAD d:/master/robotique/truestudio for stm32 9.3.0/armtools/bin/../lib/gcc/arm-atollic-eabi/6.3.1/../../../../arm-atollic-eabi/lib/armv7e-m/fpu\libc_nano.a
END GROUP
START GROUP
LOAD d:/master/robotique/truestudio for stm32 9.3.0/armtools/bin/../lib/gcc/arm-atollic-eabi/6.3.1/armv7e-m/fpu\libgcc.a
LOAD d:/master/robotique/truestudio for stm32 9.3.0/armtools/bin/../lib/gcc/arm-atollic-eabi/6.3.1/../../../../arm-atollic-eabi/lib/armv7e-m/fpu\libc_nano.a
LOAD d:/master/robotique/truestudio for stm32 9.3.0/armtools/bin/../lib/gcc/arm-atollic-eabi/6.3.1/../../../../arm-atollic-eabi/lib/armv7e-m/fpu\libnosys.a
END GROUP
START GROUP
LOAD d:/master/robotique/truestudio for stm32 9.3.0/armtools/bin/../lib/gcc/arm-atollic-eabi/6.3.1/armv7e-m/fpu\libgcc.a
LOAD d:/master/robotique/truestudio for stm32 9.3.0/armtools/bin/../lib/gcc/arm-atollic-eabi/6.3.1/../../../../arm-atollic-eabi/lib/armv7e-m/fpu\libc_nano.a
LOAD d:/master/robotique/truestudio for stm32 9.3.0/armtools/bin/../lib/gcc/arm-atollic-eabi/6.3.1/../../../../arm-atollic-eabi/lib/armv7e-m/fpu\libnosys.a
END GROUP
LOAD d:/master/robotique/truestudio for stm32 9.3.0/armtools/bin/../lib/gcc/arm-atollic-eabi/6.3.1/armv7e-m/fpu/crtend.o
LOAD d:/master/robotique/truestudio for stm32 9.3.0/armtools/bin/../lib/gcc/arm-atollic-eabi/6.3.1/armv7e-m/fpu/crtn.o
                0x20018000                _estack = 0x20018000
                0x00000000                _Min_Heap_Size = 0x0
                0x00000400                _Min_Stack_Size = 0x400

.isr_vector     0x08000000      0x194
                0x08000000                . = ALIGN (0x4)
 *(.isr_vector)
 .isr_vector    0x08000000      0x194 startup\startup_stm32f401xe.o
                0x08000000                g_pfnVectors
                0x08000194                . = ALIGN (0x4)

.text           0x080001a0     0x7c38
                0x080001a0                . = ALIGN (0x4)
 *(.text)
 .text          0x080001a0       0x40 d:/master/robotique/truestudio for stm32 9.3.0/armtools/bin/../lib/gcc/arm-atollic-eabi/6.3.1/armv7e-m/fpu/crtbegin.o
 .text          0x080001e0       0xa0 d:/master/robotique/truestudio for stm32 9.3.0/armtools/bin/../lib/gcc/arm-atollic-eabi/6.3.1/../../../../arm-atollic-eabi/lib/armv7e-m/fpu\libc_nano.a(lib_a-memchr.o)
                0x080001e0                memchr
 .text          0x08000280       0x30 d:/master/robotique/truestudio for stm32 9.3.0/armtools/bin/../lib/gcc/arm-atollic-eabi/6.3.1/armv7e-m/fpu\libgcc.a(_aeabi_uldivmod.o)
                0x08000280                __aeabi_uldivmod
 .text          0x080002b0      0x2dc d:/master/robotique/truestudio for stm32 9.3.0/armtools/bin/../lib/gcc/arm-atollic-eabi/6.3.1/armv7e-m/fpu\libgcc.a(_udivmoddi4.o)
                0x080002b0                __udivmoddi4
 .text          0x0800058c        0x4 d:/master/robotique/truestudio for stm32 9.3.0/armtools/bin/../lib/gcc/arm-atollic-eabi/6.3.1/armv7e-m/fpu\libgcc.a(_dvmd_tls.o)
                0x0800058c                __aeabi_idiv0
                0x0800058c                __aeabi_ldiv0
 *(.text*)
 .text.HAL_Init
                0x08000590       0x34 Drivers\STM32F4xx_HAL_Driver\Src\stm32f4xx_hal.o
                0x08000590                HAL_Init
 .text.HAL_IncTick
                0x080005c4       0x18 Drivers\STM32F4xx_HAL_Driver\Src\stm32f4xx_hal.o
                0x080005c4                HAL_IncTick
 .text.HAL_GetTick
                0x080005dc        0xc Drivers\STM32F4xx_HAL_Driver\Src\stm32f4xx_hal.o
                0x080005dc                HAL_GetTick
 .text.HAL_Delay
                0x080005e8       0x28 Drivers\STM32F4xx_HAL_Driver\Src\stm32f4xx_hal.o
                0x080005e8                HAL_Delay
 .text.HAL_NVIC_SetPriorityGrouping
                0x08000610       0x24 Drivers\STM32F4xx_HAL_Driver\Src\stm32f4xx_hal_cortex.o
                0x08000610                HAL_NVIC_SetPriorityGrouping
 .text.HAL_NVIC_SetPriority
                0x08000634       0x64 Drivers\STM32F4xx_HAL_Driver\Src\stm32f4xx_hal_cortex.o
                0x08000634                HAL_NVIC_SetPriority
 .text.HAL_NVIC_EnableIRQ
                0x08000698       0x1c Drivers\STM32F4xx_HAL_Driver\Src\stm32f4xx_hal_cortex.o
                0x08000698                HAL_NVIC_EnableIRQ
 .text.HAL_DMA_Abort
                0x080006b4       0x94 Drivers\STM32F4xx_HAL_Driver\Src\stm32f4xx_hal_dma.o
                0x080006b4                HAL_DMA_Abort
 .text.HAL_DMA_Abort_IT
                0x08000748       0x26 Drivers\STM32F4xx_HAL_Driver\Src\stm32f4xx_hal_dma.o
                0x08000748                HAL_DMA_Abort_IT
 .text.HAL_DMA_GetState
                0x0800076e        0x6 Drivers\STM32F4xx_HAL_Driver\Src\stm32f4xx_hal_dma.o
                0x0800076e                HAL_DMA_GetState
 .text.HAL_GPIO_Init
                0x08000774      0x1b4 Drivers\STM32F4xx_HAL_Driver\Src\stm32f4xx_hal_gpio.o
                0x08000774                HAL_GPIO_Init
 .text.HAL_GPIO_ReadPin
                0x08000928        0xe Drivers\STM32F4xx_HAL_Driver\Src\stm32f4xx_hal_gpio.o
                0x08000928                HAL_GPIO_ReadPin
 .text.HAL_GPIO_WritePin
                0x08000936        0xc Drivers\STM32F4xx_HAL_Driver\Src\stm32f4xx_hal_gpio.o
                0x08000936                HAL_GPIO_WritePin
 .text.HAL_GPIO_TogglePin
                0x08000942       0x12 Drivers\STM32F4xx_HAL_Driver\Src\stm32f4xx_hal_gpio.o
                0x08000942                HAL_GPIO_TogglePin
 .text.I2C_Master_SB
                0x08000954       0xaa Drivers\STM32F4xx_HAL_Driver\Src\stm32f4xx_hal_i2c.o
 .text.I2C_Master_ADD10
                0x080009fe       0x2a Drivers\STM32F4xx_HAL_Driver\Src\stm32f4xx_hal_i2c.o
 .text.I2C_Master_ADDR
                0x08000a28      0x206 Drivers\STM32F4xx_HAL_Driver\Src\stm32f4xx_hal_i2c.o
 .text.I2C_SlaveTransmit_BTF
                0x08000c2e       0x20 Drivers\STM32F4xx_HAL_Driver\Src\stm32f4xx_hal_i2c.o
 .text.I2C_SlaveReceive_BTF
                0x08000c4e       0x20 Drivers\STM32F4xx_HAL_Driver\Src\stm32f4xx_hal_i2c.o
 *fill*         0x08000c6e        0x2 
 .text.I2C_WaitOnSTOPRequestThroughIT
                0x08000c70       0x48 Drivers\STM32F4xx_HAL_Driver\Src\stm32f4xx_hal_i2c.o
 .text.I2C_ConvertOtherXferOptions
                0x08000cb8       0x1e Drivers\STM32F4xx_HAL_Driver\Src\stm32f4xx_hal_i2c.o
 *fill*         0x08000cd6        0x2 
 .text.HAL_I2C_Init
                0x08000cd8      0x1b4 Drivers\STM32F4xx_HAL_Driver\Src\stm32f4xx_hal_i2c.o
                0x08000cd8                HAL_I2C_Init
 .text.HAL_I2C_Master_Transmit_IT
                0x08000e8c       0xd8 Drivers\STM32F4xx_HAL_Driver\Src\stm32f4xx_hal_i2c.o
                0x08000e8c                HAL_I2C_Master_Transmit_IT
 .text.HAL_I2C_Master_Receive_IT
                0x08000f64       0xe4 Drivers\STM32F4xx_HAL_Driver\Src\stm32f4xx_hal_i2c.o
                0x08000f64                HAL_I2C_Master_Receive_IT
 .text.I2C_MasterTransmit_BTF
                0x08001048       0x86 Drivers\STM32F4xx_HAL_Driver\Src\stm32f4xx_hal_i2c.o
 .text.HAL_I2C_SlaveTxCpltCallback
                0x080010ce        0x2 Drivers\STM32F4xx_HAL_Driver\Src\stm32f4xx_hal_i2c.o
                0x080010ce                HAL_I2C_SlaveTxCpltCallback
 .text.I2C_SlaveTransmit_TXE
                0x080010d0       0x4c Drivers\STM32F4xx_HAL_Driver\Src\stm32f4xx_hal_i2c.o
 .text.HAL_I2C_SlaveRxCpltCallback
                0x0800111c        0x2 Drivers\STM32F4xx_HAL_Driver\Src\stm32f4xx_hal_i2c.o
                0x0800111c                HAL_I2C_SlaveRxCpltCallback
 .text.I2C_SlaveReceive_RXNE
                0x0800111e       0x4c Drivers\STM32F4xx_HAL_Driver\Src\stm32f4xx_hal_i2c.o
 .text.HAL_I2C_AddrCallback
                0x0800116a        0x2 Drivers\STM32F4xx_HAL_Driver\Src\stm32f4xx_hal_i2c.o
                0x0800116a                HAL_I2C_AddrCallback
 .text.I2C_Slave_ADDR
                0x0800116c       0x4e Drivers\STM32F4xx_HAL_Driver\Src\stm32f4xx_hal_i2c.o
 .text.HAL_I2C_ListenCpltCallback
                0x080011ba        0x2 Drivers\STM32F4xx_HAL_Driver\Src\stm32f4xx_hal_i2c.o
                0x080011ba                HAL_I2C_ListenCpltCallback
 .text.I2C_Slave_AF
                0x080011bc       0x94 Drivers\STM32F4xx_HAL_Driver\Src\stm32f4xx_hal_i2c.o
 .text.HAL_I2C_MemTxCpltCallback
                0x08001250        0x2 Drivers\STM32F4xx_HAL_Driver\Src\stm32f4xx_hal_i2c.o
                0x08001250                HAL_I2C_MemTxCpltCallback
 .text.I2C_MemoryTransmit_TXE_BTF
                0x08001252       0xba Drivers\STM32F4xx_HAL_Driver\Src\stm32f4xx_hal_i2c.o
 .text.I2C_MasterTransmit_TXE
                0x0800130c       0xd0 Drivers\STM32F4xx_HAL_Driver\Src\stm32f4xx_hal_i2c.o
 .text.HAL_I2C_MemRxCpltCallback
                0x080013dc        0x2 Drivers\STM32F4xx_HAL_Driver\Src\stm32f4xx_hal_i2c.o
                0x080013dc                HAL_I2C_MemRxCpltCallback
 .text.I2C_MasterReceive_BTF
                0x080013de      0x128 Drivers\STM32F4xx_HAL_Driver\Src\stm32f4xx_hal_i2c.o
 .text.HAL_I2C_ErrorCallback
                0x08001506        0x2 Drivers\STM32F4xx_HAL_Driver\Src\stm32f4xx_hal_i2c.o
                0x08001506                HAL_I2C_ErrorCallback
 .text.I2C_MasterReceive_RXNE
                0x08001508       0xea Drivers\STM32F4xx_HAL_Driver\Src\stm32f4xx_hal_i2c.o
 .text.HAL_I2C_AbortCpltCallback
                0x080015f2        0x2 Drivers\STM32F4xx_HAL_Driver\Src\stm32f4xx_hal_i2c.o
                0x080015f2                HAL_I2C_AbortCpltCallback
 .text.I2C_DMAAbort
                0x080015f4       0xe4 Drivers\STM32F4xx_HAL_Driver\Src\stm32f4xx_hal_i2c.o
 .text.I2C_ITError
                0x080016d8      0x178 Drivers\STM32F4xx_HAL_Driver\Src\stm32f4xx_hal_i2c.o
 .text.I2C_Slave_STOPF
                0x08001850      0x194 Drivers\STM32F4xx_HAL_Driver\Src\stm32f4xx_hal_i2c.o
 .text.HAL_I2C_EV_IRQHandler
                0x080019e4      0x1a4 Drivers\STM32F4xx_HAL_Driver\Src\stm32f4xx_hal_i2c.o
                0x080019e4                HAL_I2C_EV_IRQHandler
 .text.HAL_I2C_ER_IRQHandler
                0x08001b88       0xc6 Drivers\STM32F4xx_HAL_Driver\Src\stm32f4xx_hal_i2c.o
                0x08001b88                HAL_I2C_ER_IRQHandler
 *fill*         0x08001c4e        0x2 
 .text.HAL_RCC_OscConfig
                0x08001c50      0x3f8 Drivers\STM32F4xx_HAL_Driver\Src\stm32f4xx_hal_rcc.o
                0x08001c50                HAL_RCC_OscConfig
 .text.HAL_RCC_GetSysClockFreq
                0x08002048       0xd4 Drivers\STM32F4xx_HAL_Driver\Src\stm32f4xx_hal_rcc.o
                0x08002048                HAL_RCC_GetSysClockFreq
 .text.HAL_RCC_ClockConfig
                0x0800211c      0x160 Drivers\STM32F4xx_HAL_Driver\Src\stm32f4xx_hal_rcc.o
                0x0800211c                HAL_RCC_ClockConfig
 .text.HAL_RCC_GetHCLKFreq
                0x0800227c        0xc Drivers\STM32F4xx_HAL_Driver\Src\stm32f4xx_hal_rcc.o
                0x0800227c                HAL_RCC_GetHCLKFreq
 .text.HAL_RCC_GetPCLK1Freq
                0x08002288       0x20 Drivers\STM32F4xx_HAL_Driver\Src\stm32f4xx_hal_rcc.o
                0x08002288                HAL_RCC_GetPCLK1Freq
 .text.HAL_RCC_GetPCLK2Freq
                0x080022a8       0x20 Drivers\STM32F4xx_HAL_Driver\Src\stm32f4xx_hal_rcc.o
                0x080022a8                HAL_RCC_GetPCLK2Freq
 .text.HAL_RCC_GetClockConfig
                0x080022c8       0x3c Drivers\STM32F4xx_HAL_Driver\Src\stm32f4xx_hal_rcc.o
                0x080022c8                HAL_RCC_GetClockConfig
 .text.TIM_OC1_SetConfig
                0x08002304       0x5c Drivers\STM32F4xx_HAL_Driver\Src\stm32f4xx_hal_tim.o
 .text.TIM_OC3_SetConfig
                0x08002360       0x64 Drivers\STM32F4xx_HAL_Driver\Src\stm32f4xx_hal_tim.o
 .text.TIM_OC4_SetConfig
                0x080023c4       0x48 Drivers\STM32F4xx_HAL_Driver\Src\stm32f4xx_hal_tim.o
 .text.HAL_TIM_Base_MspInit
                0x0800240c        0x2 Drivers\STM32F4xx_HAL_Driver\Src\stm32f4xx_hal_tim.o
                0x0800240c                HAL_TIM_Base_MspInit
 *fill*         0x0800240e        0x2 
 .text.HAL_TIM_Base_Start_IT
                0x08002410       0x78 Drivers\STM32F4xx_HAL_Driver\Src\stm32f4xx_hal_tim.o
                0x08002410                HAL_TIM_Base_Start_IT
 .text.HAL_TIM_OC_DelayElapsedCallback
                0x08002488        0x2 Drivers\STM32F4xx_HAL_Driver\Src\stm32f4xx_hal_tim.o
                0x08002488                HAL_TIM_OC_DelayElapsedCallback
 .text.HAL_TIM_IC_CaptureCallback
                0x0800248a        0x2 Drivers\STM32F4xx_HAL_Driver\Src\stm32f4xx_hal_tim.o
                0x0800248a                HAL_TIM_IC_CaptureCallback
 .text.HAL_TIM_PWM_PulseFinishedCallback
                0x0800248c        0x2 Drivers\STM32F4xx_HAL_Driver\Src\stm32f4xx_hal_tim.o
                0x0800248c                HAL_TIM_PWM_PulseFinishedCallback
 .text.HAL_TIM_TriggerCallback
                0x0800248e        0x2 Drivers\STM32F4xx_HAL_Driver\Src\stm32f4xx_hal_tim.o
                0x0800248e                HAL_TIM_TriggerCallback
 .text.HAL_TIM_IRQHandler
                0x08002490      0x17a Drivers\STM32F4xx_HAL_Driver\Src\stm32f4xx_hal_tim.o
                0x08002490                HAL_TIM_IRQHandler
 *fill*         0x0800260a        0x2 
 .text.TIM_Base_SetConfig
                0x0800260c       0x9c Drivers\STM32F4xx_HAL_Driver\Src\stm32f4xx_hal_tim.o
                0x0800260c                TIM_Base_SetConfig
 .text.HAL_TIM_Base_Init
                0x080026a8       0x56 Drivers\STM32F4xx_HAL_Driver\Src\stm32f4xx_hal_tim.o
                0x080026a8                HAL_TIM_Base_Init
 .text.HAL_TIM_PWM_Init
                0x080026fe       0x56 Drivers\STM32F4xx_HAL_Driver\Src\stm32f4xx_hal_tim.o
                0x080026fe                HAL_TIM_PWM_Init
 .text.TIM_OC2_SetConfig
                0x08002754       0x64 Drivers\STM32F4xx_HAL_Driver\Src\stm32f4xx_hal_tim.o
                0x08002754                TIM_OC2_SetConfig
 .text.HAL_TIM_PWM_ConfigChannel
                0x080027b8       0xd0 Drivers\STM32F4xx_HAL_Driver\Src\stm32f4xx_hal_tim.o
                0x080027b8                HAL_TIM_PWM_ConfigChannel
 .text.TIM_CCxChannelCmd
                0x08002888       0x22 Drivers\STM32F4xx_HAL_Driver\Src\stm32f4xx_hal_tim.o
                0x08002888                TIM_CCxChannelCmd
 *fill*         0x080028aa        0x2 
 .text.HAL_TIM_PWM_Start
                0x080028ac       0xf8 Drivers\STM32F4xx_HAL_Driver\Src\stm32f4xx_hal_tim.o
                0x080028ac                HAL_TIM_PWM_Start
 .text.HAL_TIMEx_MasterConfigSynchronization
                0x080029a4       0x78 Drivers\STM32F4xx_HAL_Driver\Src\stm32f4xx_hal_tim_ex.o
                0x080029a4                HAL_TIMEx_MasterConfigSynchronization
 .text.HAL_TIMEx_CommutCallback
                0x08002a1c        0x2 Drivers\STM32F4xx_HAL_Driver\Src\stm32f4xx_hal_tim_ex.o
                0x08002a1c                HAL_TIMEx_CommutCallback
 .text.HAL_TIMEx_BreakCallback
                0x08002a1e        0x2 Drivers\STM32F4xx_HAL_Driver\Src\stm32f4xx_hal_tim_ex.o
                0x08002a1e                HAL_TIMEx_BreakCallback
 .text.UART_EndRxTransfer
                0x08002a20       0x32 Drivers\STM32F4xx_HAL_Driver\Src\stm32f4xx_hal_uart.o
 .text.UART_Transmit_IT
                0x08002a52       0x64 Drivers\STM32F4xx_HAL_Driver\Src\stm32f4xx_hal_uart.o
 *fill*         0x08002ab6        0x2 
 .text.UART_SetConfig
                0x08002ab8      0x110 Drivers\STM32F4xx_HAL_Driver\Src\stm32f4xx_hal_uart.o
 .text.HAL_UART_Init
                0x08002bc8       0x5e Drivers\STM32F4xx_HAL_Driver\Src\stm32f4xx_hal_uart.o
                0x08002bc8                HAL_UART_Init
 .text.HAL_UART_Transmit_IT
                0x08002c26       0x48 Drivers\STM32F4xx_HAL_Driver\Src\stm32f4xx_hal_uart.o
                0x08002c26                HAL_UART_Transmit_IT
 .text.UART_EndTransmit_IT
                0x08002c6e       0x1a Drivers\STM32F4xx_HAL_Driver\Src\stm32f4xx_hal_uart.o
 .text.HAL_UART_ErrorCallback
                0x08002c88        0x2 Drivers\STM32F4xx_HAL_Driver\Src\stm32f4xx_hal_uart.o
                0x08002c88                HAL_UART_ErrorCallback
 .text.UART_DMAAbortOnError
                0x08002c8a       0x10 Drivers\STM32F4xx_HAL_Driver\Src\stm32f4xx_hal_uart.o
 .text.HAL_UARTEx_RxEventCallback
                0x08002c9a        0x2 Drivers\STM32F4xx_HAL_Driver\Src\stm32f4xx_hal_uart.o
                0x08002c9a                HAL_UARTEx_RxEventCallback
 .text.UART_Receive_IT
                0x08002c9c       0xb0 Drivers\STM32F4xx_HAL_Driver\Src\stm32f4xx_hal_uart.o
 .text.HAL_UART_IRQHandler
                0x08002d4c      0x1fc Drivers\STM32F4xx_HAL_Driver\Src\stm32f4xx_hal_uart.o
                0x08002d4c                HAL_UART_IRQHandler
 .text.UART_Start_Receive_IT
                0x08002f48       0x36 Drivers\STM32F4xx_HAL_Driver\Src\stm32f4xx_hal_uart.o
                0x08002f48                UART_Start_Receive_IT
 .text.HAL_UART_Receive_IT
                0x08002f7e       0x38 Drivers\STM32F4xx_HAL_Driver\Src\stm32f4xx_hal_uart.o
                0x08002f7e                HAL_UART_Receive_IT
 *fill*         0x08002fb6        0x2 
 .text.SysTick_Handler
                0x08002fb8       0x18 Middlewares\Third_Party\FreeRTOS\Source\CMSIS_RTOS_V2\cmsis_os2.o
                0x08002fb8                SysTick_Handler
 .text.osKernelInitialize
                0x08002fd0       0x28 Middlewares\Third_Party\FreeRTOS\Source\CMSIS_RTOS_V2\cmsis_os2.o
                0x08002fd0                osKernelInitialize
 .text.osKernelStart
                0x08002ff8       0x38 Middlewares\Third_Party\FreeRTOS\Source\CMSIS_RTOS_V2\cmsis_os2.o
                0x08002ff8                osKernelStart
 .text.osThreadNew
                0x08003030       0xbc Middlewares\Third_Party\FreeRTOS\Source\CMSIS_RTOS_V2\cmsis_os2.o
                0x08003030                osThreadNew
 .text.vApplicationGetIdleTaskMemory
                0x080030ec       0x18 Middlewares\Third_Party\FreeRTOS\Source\CMSIS_RTOS_V2\cmsis_os2.o
                0x080030ec                vApplicationGetIdleTaskMemory
 .text.vApplicationGetTimerTaskMemory
                0x08003104       0x18 Middlewares\Third_Party\FreeRTOS\Source\CMSIS_RTOS_V2\cmsis_os2.o
                0x08003104                vApplicationGetTimerTaskMemory
 .text.vListInitialise
                0x0800311c       0x16 Middlewares\Third_Party\FreeRTOS\Source\list.o
                0x0800311c                vListInitialise
 .text.vListInitialiseItem
                0x08003132        0x6 Middlewares\Third_Party\FreeRTOS\Source\list.o
                0x08003132                vListInitialiseItem
 .text.vListInsertEnd
                0x08003138       0x18 Middlewares\Third_Party\FreeRTOS\Source\list.o
                0x08003138                vListInsertEnd
 .text.vListInsert
                0x08003150       0x34 Middlewares\Third_Party\FreeRTOS\Source\list.o
                0x08003150                vListInsert
 .text.uxListRemove
                0x08003184       0x28 Middlewares\Third_Party\FreeRTOS\Source\list.o
                0x08003184                uxListRemove
 .text.prvTaskExitError
                0x080031ac       0x40 Middlewares\Third_Party\FreeRTOS\Source\portable\GCC\ARM_CM4F\port.o
 .text.prvPortStartFirstTask
                0x080031ec       0x28 Middlewares\Third_Party\FreeRTOS\Source\portable\GCC\ARM_CM4F\port.o
 .text.vPortEnableVFP
                0x08003214       0x14 Middlewares\Third_Party\FreeRTOS\Source\portable\GCC\ARM_CM4F\port.o
 .text.pxPortInitialiseStack
                0x08003228       0x2c Middlewares\Third_Party\FreeRTOS\Source\portable\GCC\ARM_CM4F\port.o
                0x08003228                pxPortInitialiseStack
 *fill*         0x08003254        0xc 
 .text.SVC_Handler
                0x08003260       0x24 Middlewares\Third_Party\FreeRTOS\Source\portable\GCC\ARM_CM4F\port.o
                0x08003260                SVC_Handler
 .text.vPortEnterCritical
                0x08003284       0x44 Middlewares\Third_Party\FreeRTOS\Source\portable\GCC\ARM_CM4F\port.o
                0x08003284                vPortEnterCritical
 .text.vPortExitCritical
                0x080032c8       0x2c Middlewares\Third_Party\FreeRTOS\Source\portable\GCC\ARM_CM4F\port.o
                0x080032c8                vPortExitCritical
 *fill*         0x080032f4        0xc 
 .text.PendSV_Handler
                0x08003300       0x64 Middlewares\Third_Party\FreeRTOS\Source\portable\GCC\ARM_CM4F\port.o
                0x08003300                PendSV_Handler
 .text.xPortSysTickHandler
                0x08003364       0x2c Middlewares\Third_Party\FreeRTOS\Source\portable\GCC\ARM_CM4F\port.o
                0x08003364                xPortSysTickHandler
 .text.vPortSetupTimerInterrupt
                0x08003390       0x38 Middlewares\Third_Party\FreeRTOS\Source\portable\GCC\ARM_CM4F\port.o
                0x08003390                vPortSetupTimerInterrupt
 .text.xPortStartScheduler
                0x080033c8      0x110 Middlewares\Third_Party\FreeRTOS\Source\portable\GCC\ARM_CM4F\port.o
                0x080033c8                xPortStartScheduler
 .text.vPortValidateInterruptPriority
                0x080034d8       0x5c Middlewares\Third_Party\FreeRTOS\Source\portable\GCC\ARM_CM4F\port.o
                0x080034d8                vPortValidateInterruptPriority
 .text.prvHeapInit
                0x08003534       0x64 Middlewares\Third_Party\FreeRTOS\Source\portable\MemMang\heap_4.o
 .text.prvInsertBlockIntoFreeList
                0x08003598       0x58 Middlewares\Third_Party\FreeRTOS\Source\portable\MemMang\heap_4.o
 .text.pvPortMalloc
                0x080035f0      0x114 Middlewares\Third_Party\FreeRTOS\Source\portable\MemMang\heap_4.o
                0x080035f0                pvPortMalloc
 .text.vPortFree
                0x08003704       0x7c Middlewares\Third_Party\FreeRTOS\Source\portable\MemMang\heap_4.o
                0x08003704                vPortFree
 .text.prvGetDisinheritPriorityAfterTimeout
                0x08003780       0x12 Middlewares\Third_Party\FreeRTOS\Source\queue.o
 .text.prvIsQueueFull
                0x08003792       0x1e Middlewares\Third_Party\FreeRTOS\Source\queue.o
 .text.prvIsQueueEmpty
                0x080037b0       0x1a Middlewares\Third_Party\FreeRTOS\Source\queue.o
 .text.prvCopyDataToQueue
                0x080037ca       0x76 Middlewares\Third_Party\FreeRTOS\Source\queue.o
 .text.prvCopyDataFromQueue
                0x08003840       0x24 Middlewares\Third_Party\FreeRTOS\Source\queue.o
 .text.prvUnlockQueue
                0x08003864       0x6e Middlewares\Third_Party\FreeRTOS\Source\queue.o
 *fill*         0x080038d2        0x2 
 .text.xQueueGenericReset
                0x080038d4       0x80 Middlewares\Third_Party\FreeRTOS\Source\queue.o
                0x080038d4                xQueueGenericReset
 .text.prvInitialiseNewQueue
                0x08003954       0x22 Middlewares\Third_Party\FreeRTOS\Source\queue.o
 .text.xQueueGenericCreateStatic
                0x08003976       0xa2 Middlewares\Third_Party\FreeRTOS\Source\queue.o
                0x08003976                xQueueGenericCreateStatic
 .text.xQueueGenericCreate
                0x08003a18       0x48 Middlewares\Third_Party\FreeRTOS\Source\queue.o
                0x08003a18                xQueueGenericCreate
 .text.xQueueGenericSend
                0x08003a60      0x188 Middlewares\Third_Party\FreeRTOS\Source\queue.o
                0x08003a60                xQueueGenericSend
 .text.xQueueGenericSendFromISR
                0x08003be8       0xe0 Middlewares\Third_Party\FreeRTOS\Source\queue.o
                0x08003be8                xQueueGenericSendFromISR
 .text.xQueueGiveFromISR
                0x08003cc8       0xbc Middlewares\Third_Party\FreeRTOS\Source\queue.o
                0x08003cc8                xQueueGiveFromISR
 .text.xQueueReceive
                0x08003d84      0x15c Middlewares\Third_Party\FreeRTOS\Source\queue.o
                0x08003d84                xQueueReceive
 .text.xQueueSemaphoreTake
                0x08003ee0      0x1a4 Middlewares\Third_Party\FreeRTOS\Source\queue.o
                0x08003ee0                xQueueSemaphoreTake
 .text.vQueueAddToRegistry
                0x08004084       0x28 Middlewares\Third_Party\FreeRTOS\Source\queue.o
                0x08004084                vQueueAddToRegistry
 .text.vQueueWaitForMessageRestricted
                0x080040ac       0x52 Middlewares\Third_Party\FreeRTOS\Source\queue.o
                0x080040ac                vQueueWaitForMessageRestricted
 *fill*         0x080040fe        0x2 
 .text.prvResetNextTaskUnblockTime
                0x08004100       0x2c Middlewares\Third_Party\FreeRTOS\Source\tasks.o
 .text.prvInitialiseNewTask
                0x0800412c       0x9a Middlewares\Third_Party\FreeRTOS\Source\tasks.o
 *fill*         0x080041c6        0x2 
 .text.prvInitialiseTaskLists
                0x080041c8       0x68 Middlewares\Third_Party\FreeRTOS\Source\tasks.o
 .text.prvAddNewTaskToReadyList
                0x08004230       0xac Middlewares\Third_Party\FreeRTOS\Source\tasks.o
 .text.prvDeleteTCB
                0x080042dc       0x3a Middlewares\Third_Party\FreeRTOS\Source\tasks.o
 *fill*         0x08004316        0x2 
 .text.prvCheckTasksWaitingTermination
                0x08004318       0x4c Middlewares\Third_Party\FreeRTOS\Source\tasks.o
 .text.prvIdleTask
                0x08004364       0x28 Middlewares\Third_Party\FreeRTOS\Source\tasks.o
 .text.prvAddCurrentTaskToDelayedList
                0x0800438c       0x7c Middlewares\Third_Party\FreeRTOS\Source\tasks.o
 .text.xTaskCreateStatic
                0x08004408       0x74 Middlewares\Third_Party\FreeRTOS\Source\tasks.o
                0x08004408                xTaskCreateStatic
 .text.xTaskCreate
                0x0800447c       0x66 Middlewares\Third_Party\FreeRTOS\Source\tasks.o
                0x0800447c                xTaskCreate
 *fill*         0x080044e2        0x2 
 .text.vTaskStartScheduler
                0x080044e4       0x9c Middlewares\Third_Party\FreeRTOS\Source\tasks.o
                0x080044e4                vTaskStartScheduler
 .text.vTaskSuspendAll
                0x08004580       0x10 Middlewares\Third_Party\FreeRTOS\Source\tasks.o
                0x08004580                vTaskSuspendAll
 .text.xTaskGetTickCount
                0x08004590        0xc Middlewares\Third_Party\FreeRTOS\Source\tasks.o
                0x08004590                xTaskGetTickCount
 .text.xTaskIncrementTick
                0x0800459c      0x118 Middlewares\Third_Party\FreeRTOS\Source\tasks.o
                0x0800459c                xTaskIncrementTick
 .text.xTaskResumeAll
                0x080046b4       0xfc Middlewares\Third_Party\FreeRTOS\Source\tasks.o
                0x080046b4                xTaskResumeAll
 .text.vTaskDelayUntil
                0x080047b0       0xac Middlewares\Third_Party\FreeRTOS\Source\tasks.o
                0x080047b0                vTaskDelayUntil
 .text.vTaskDelay
                0x0800485c       0x50 Middlewares\Third_Party\FreeRTOS\Source\tasks.o
                0x0800485c                vTaskDelay
 .text.vTaskSwitchContext
                0x080048ac       0x9c Middlewares\Third_Party\FreeRTOS\Source\tasks.o
                0x080048ac                vTaskSwitchContext
 .text.vTaskPlaceOnEventList
                0x08004948       0x30 Middlewares\Third_Party\FreeRTOS\Source\tasks.o
                0x08004948                vTaskPlaceOnEventList
 .text.vTaskPlaceOnEventListRestricted
                0x08004978       0x38 Middlewares\Third_Party\FreeRTOS\Source\tasks.o
                0x08004978                vTaskPlaceOnEventListRestricted
 .text.xTaskRemoveFromEventList
                0x080049b0       0x8c Middlewares\Third_Party\FreeRTOS\Source\tasks.o
                0x080049b0                xTaskRemoveFromEventList
 .text.vTaskInternalSetTimeOutState
                0x08004a3c       0x18 Middlewares\Third_Party\FreeRTOS\Source\tasks.o
                0x08004a3c                vTaskInternalSetTimeOutState
 .text.xTaskCheckForTimeOut
                0x08004a54       0x80 Middlewares\Third_Party\FreeRTOS\Source\tasks.o
                0x08004a54                xTaskCheckForTimeOut
 .text.vTaskMissedYield
                0x08004ad4        0xc Middlewares\Third_Party\FreeRTOS\Source\tasks.o
                0x08004ad4                vTaskMissedYield
 .text.xTaskGetSchedulerState
                0x08004ae0       0x20 Middlewares\Third_Party\FreeRTOS\Source\tasks.o
                0x08004ae0                xTaskGetSchedulerState
 .text.xTaskPriorityInherit
                0x08004b00       0x98 Middlewares\Third_Party\FreeRTOS\Source\tasks.o
                0x08004b00                xTaskPriorityInherit
 .text.xTaskPriorityDisinherit
                0x08004b98       0x90 Middlewares\Third_Party\FreeRTOS\Source\tasks.o
                0x08004b98                xTaskPriorityDisinherit
 .text.vTaskPriorityDisinheritAfterTimeout
                0x08004c28       0xa0 Middlewares\Third_Party\FreeRTOS\Source\tasks.o
                0x08004c28                vTaskPriorityDisinheritAfterTimeout
 .text.pvTaskIncrementMutexHeldCount
                0x08004cc8       0x1c Middlewares\Third_Party\FreeRTOS\Source\tasks.o
                0x08004cc8                pvTaskIncrementMutexHeldCount
 .text.prvGetNextExpireTime
                0x08004ce4       0x20 Middlewares\Third_Party\FreeRTOS\Source\timers.o
 .text.prvInsertTimerInActiveList
                0x08004d04       0x48 Middlewares\Third_Party\FreeRTOS\Source\timers.o
 .text.prvCheckForValidListAndQueue
                0x08004d4c       0x70 Middlewares\Third_Party\FreeRTOS\Source\timers.o
 .text.xTimerCreateTimerTask
                0x08004dbc       0x70 Middlewares\Third_Party\FreeRTOS\Source\timers.o
                0x08004dbc                xTimerCreateTimerTask
 .text.xTimerGenericCommand
                0x08004e2c       0x6c Middlewares\Third_Party\FreeRTOS\Source\timers.o
                0x08004e2c                xTimerGenericCommand
 .text.prvSwitchTimerLists
                0x08004e98       0x7c Middlewares\Third_Party\FreeRTOS\Source\timers.o
 .text.prvSampleTimeNow
                0x08004f14       0x2c Middlewares\Third_Party\FreeRTOS\Source\timers.o
 .text.prvProcessExpiredTimer
                0x08004f40       0x6c Middlewares\Third_Party\FreeRTOS\Source\timers.o
 .text.prvProcessTimerOrBlockTask
                0x08004fac       0x74 Middlewares\Third_Party\FreeRTOS\Source\timers.o
 .text.prvProcessReceivedCommands
                0x08005020      0x110 Middlewares\Third_Party\FreeRTOS\Source\timers.o
 .text.prvTimerTask
                0x08005130       0x16 Middlewares\Third_Party\FreeRTOS\Source\timers.o
 *fill*         0x08005146        0x2 
 .text.bno055_init
                0x08005148      0x100 Src\bno055.o
                0x08005148                bno055_init
 .text.bno055_write_register
                0x08005248       0x20 Src\bno055.o
                0x08005248                bno055_write_register
 .text.bno055_write_page_id
                0x08005268       0x5c Src\bno055.o
                0x08005268                bno055_write_page_id
 .text.bno055_read_euler_hrp
                0x080052c4       0x7c Src\bno055.o
                0x080052c4                bno055_read_euler_hrp
 .text.bno055_get_operation_mode
                0x08005340       0x5c Src\bno055.o
                0x08005340                bno055_get_operation_mode
 .text.bno055_set_operation_mode
                0x0800539c      0x11c Src\bno055.o
                0x0800539c                bno055_set_operation_mode
 .text.bno055_set_power_mode
                0x080054b8       0xa8 Src\bno055.o
                0x080054b8                bno055_set_power_mode
 .text.BNO055_I2C_bus_write
                0x08005560       0x50 Src\bno055_support.o
                0x08005560                BNO055_I2C_bus_write
 .text.BNO055_I2C_bus_read
                0x080055b0       0x68 Src\bno055_support.o
                0x080055b0                BNO055_I2C_bus_read
 .text.BNO055_delay_msek
                0x08005618        0x8 Src\bno055_support.o
                0x08005618                BNO055_delay_msek
 .text.HAL_I2C_MasterTxCpltCallback
                0x08005620       0x38 Src\bno055_support.o
                0x08005620                HAL_I2C_MasterTxCpltCallback
 .text.HAL_I2C_MasterRxCpltCallback
                0x08005658       0x38 Src\bno055_support.o
                0x08005658                HAL_I2C_MasterRxCpltCallback
 .text.I2C_routine
                0x08005690       0x28 Src\bno055_support.o
                0x08005690                I2C_routine
 .text.MX_GPIO_Init
                0x080056b8       0xc0 Src\main.o
 .text.MX_USART2_UART_Init
                0x08005778       0x2c Src\main.o
 .text.MX_I2C1_Init
                0x080057a4       0x34 Src\main.o
 .text.MX_TIM2_Init
                0x080057d8       0x68 Src\main.o
 .text.MX_TIM3_Init
                0x08005840       0x6c Src\main.o
 .text.StartGuidanceTask
                0x080058ac       0x14 Src\main.o
                0x080058ac                StartGuidanceTask
 .text.StartDefaultTask
                0x080058c0       0x34 Src\main.o
                0x080058c0                StartDefaultTask
 .text.StartSensorTask
                0x080058f4       0x6c Src\main.o
                0x080058f4                StartSensorTask
 .text.StartComTask
                0x08005960       0x20 Src\main.o
                0x08005960                StartComTask
 .text.SystemClock_Config
                0x08005980       0x94 Src\main.o
                0x08005980                SystemClock_Config
 .text.main     0x08005a14      0x148 Src\main.o
                0x08005a14                main
 .text.map      0x08005b5c       0x1e Src\main.o
                0x08005b5c                map
 *fill*         0x08005b7a        0x2 
 .text.StartCommandTask
                0x08005b7c      0x108 Src\main.o
                0x08005b7c                StartCommandTask
 .text.HAL_TIM_PeriodElapsedCallback
                0x08005c84       0x18 Src\main.o
                0x08005c84                HAL_TIM_PeriodElapsedCallback
 .text.HAL_UART_TxCpltCallback
                0x08005c9c       0x38 Src\retarget.o
                0x08005c9c                HAL_UART_TxCpltCallback
 .text.HAL_UART_RxCpltCallback
                0x08005cd4       0x38 Src\retarget.o
                0x08005cd4                HAL_UART_RxCpltCallback
 .text.RetargetInit
                0x08005d0c       0x44 Src\retarget.o
                0x08005d0c                RetargetInit
 .text._isatty  0x08005d50       0x16 Src\retarget.o
                0x08005d50                _isatty
 *fill*         0x08005d66        0x2 
 .text._write   0x08005d68       0x44 Src\retarget.o
                0x08005d68                _write
 .text._close   0x08005dac       0x18 Src\retarget.o
                0x08005dac                _close
 .text._lseek   0x08005dc4       0x10 Src\retarget.o
                0x08005dc4                _lseek
 .text._read    0x08005dd4       0x3c Src\retarget.o
                0x08005dd4                _read
 .text._fstat   0x08005e10       0x1a Src\retarget.o
                0x08005e10                _fstat
 *fill*         0x08005e2a        0x2 
 .text.HAL_MspInit
                0x08005e2c       0x44 Src\stm32f4xx_hal_msp.o
                0x08005e2c                HAL_MspInit
 .text.HAL_I2C_MspInit
                0x08005e70       0x94 Src\stm32f4xx_hal_msp.o
                0x08005e70                HAL_I2C_MspInit
 .text.HAL_TIM_PWM_MspInit
                0x08005f04       0x50 Src\stm32f4xx_hal_msp.o
                0x08005f04                HAL_TIM_PWM_MspInit
 .text.HAL_TIM_MspPostInit
                0x08005f54       0x8c Src\stm32f4xx_hal_msp.o
                0x08005f54                HAL_TIM_MspPostInit
 .text.HAL_UART_MspInit
                0x08005fe0       0x78 Src\stm32f4xx_hal_msp.o
                0x08005fe0                HAL_UART_MspInit
 .text.HAL_InitTick
                0x08006058       0x78 Src\stm32f4xx_hal_timebase_tim.o
                0x08006058                HAL_InitTick
 .text.NMI_Handler
                0x080060d0        0x2 Src\stm32f4xx_it.o
                0x080060d0                NMI_Handler
 .text.HardFault_Handler
                0x080060d2        0x2 Src\stm32f4xx_it.o
                0x080060d2                HardFault_Handler
 .text.MemManage_Handler
                0x080060d4        0x2 Src\stm32f4xx_it.o
                0x080060d4                MemManage_Handler
 .text.BusFault_Handler
                0x080060d6        0x2 Src\stm32f4xx_it.o
                0x080060d6                BusFault_Handler
 .text.UsageFault_Handler
                0x080060d8        0x2 Src\stm32f4xx_it.o
                0x080060d8                UsageFault_Handler
 .text.DebugMon_Handler
                0x080060da        0x2 Src\stm32f4xx_it.o
                0x080060da                DebugMon_Handler
 .text.TIM1_TRG_COM_TIM11_IRQHandler
                0x080060dc       0x10 Src\stm32f4xx_it.o
                0x080060dc                TIM1_TRG_COM_TIM11_IRQHandler
 .text.I2C1_EV_IRQHandler
                0x080060ec       0x10 Src\stm32f4xx_it.o
                0x080060ec                I2C1_EV_IRQHandler
 .text.I2C1_ER_IRQHandler
                0x080060fc       0x10 Src\stm32f4xx_it.o
                0x080060fc                I2C1_ER_IRQHandler
 .text.USART2_IRQHandler
                0x0800610c       0x10 Src\stm32f4xx_it.o
                0x0800610c                USART2_IRQHandler
 .text._sbrk    0x0800611c       0x3c Src\syscalls.o
                0x0800611c                _sbrk
 .text.SystemInit
                0x08006158       0x1c Src\system_stm32f4xx.o
                0x08006158                SystemInit
 .text.Reset_Handler
                0x08006174       0x50 startup\startup_stm32f401xe.o
                0x08006174                Reset_Handler
 .text.Default_Handler
                0x080061c4        0x2 startup\startup_stm32f401xe.o
                0x080061c4                RTC_Alarm_IRQHandler
                0x080061c4                EXTI2_IRQHandler
                0x080061c4                SPI4_IRQHandler
                0x080061c4                TIM1_CC_IRQHandler
                0x080061c4                DMA2_Stream5_IRQHandler
                0x080061c4                DMA1_Stream5_IRQHandler
                0x080061c4                PVD_IRQHandler
                0x080061c4                SDIO_IRQHandler
                0x080061c4                TAMP_STAMP_IRQHandler
                0x080061c4                EXTI3_IRQHandler
                0x080061c4                TIM1_UP_TIM10_IRQHandler
                0x080061c4                I2C3_ER_IRQHandler
                0x080061c4                EXTI0_IRQHandler
                0x080061c4                I2C2_EV_IRQHandler
                0x080061c4                DMA1_Stream2_IRQHandler
                0x080061c4                FPU_IRQHandler
                0x080061c4                DMA2_Stream2_IRQHandler
                0x080061c4                SPI1_IRQHandler
                0x080061c4                TIM1_BRK_TIM9_IRQHandler
                0x080061c4                DMA2_Stream3_IRQHandler
                0x080061c4                USART6_IRQHandler
                0x080061c4                DMA2_Stream0_IRQHandler
                0x080061c4                TIM4_IRQHandler
                0x080061c4                DMA1_Stream6_IRQHandler
                0x080061c4                DMA1_Stream1_IRQHandler
                0x080061c4                TIM3_IRQHandler
                0x080061c4                RCC_IRQHandler
                0x080061c4                Default_Handler
                0x080061c4                EXTI15_10_IRQHandler
                0x080061c4                ADC_IRQHandler
                0x080061c4                DMA1_Stream7_IRQHandler
                0x080061c4                TIM5_IRQHandler
                0x080061c4                DMA2_Stream7_IRQHandler
                0x080061c4                I2C3_EV_IRQHandler
                0x080061c4                EXTI9_5_IRQHandler
                0x080061c4                RTC_WKUP_IRQHandler
                0x080061c4                SPI2_IRQHandler
                0x080061c4                DMA1_Stream0_IRQHandler
                0x080061c4                EXTI4_IRQHandler
                0x080061c4                WWDG_IRQHandler
                0x080061c4                TIM2_IRQHandler
                0x080061c4                OTG_FS_WKUP_IRQHandler
                0x080061c4                EXTI1_IRQHandler
                0x080061c4                I2C2_ER_IRQHandler
                0x080061c4                DMA2_Stream1_IRQHandler
                0x080061c4                FLASH_IRQHandler
                0x080061c4                DMA2_Stream4_IRQHandler
                0x080061c4                USART1_IRQHandler
                0x080061c4                OTG_FS_IRQHandler
                0x080061c4                SPI3_IRQHandler
                0x080061c4                DMA1_Stream4_IRQHandler
                0x080061c4                DMA2_Stream6_IRQHandler
                0x080061c4                DMA1_Stream3_IRQHandler
 *fill*         0x080061c6        0x2 
 .text.__errno  0x080061c8        0xc d:/master/robotique/truestudio for stm32 9.3.0/armtools/bin/../lib/gcc/arm-atollic-eabi/6.3.1/../../../../arm-atollic-eabi/lib/armv7e-m/fpu\libc_nano.a(lib_a-errno.o)
                0x080061c8                __errno
 .text.__libc_init_array
                0x080061d4       0x48 d:/master/robotique/truestudio for stm32 9.3.0/armtools/bin/../lib/gcc/arm-atollic-eabi/6.3.1/../../../../arm-atollic-eabi/lib/armv7e-m/fpu\libc_nano.a(lib_a-init.o)
                0x080061d4                __libc_init_array
 .text.malloc   0x0800621c       0x10 d:/master/robotique/truestudio for stm32 9.3.0/armtools/bin/../lib/gcc/arm-atollic-eabi/6.3.1/../../../../arm-atollic-eabi/lib/armv7e-m/fpu\libc_nano.a(lib_a-malloc.o)
                0x0800621c                malloc
 .text.memcpy   0x0800622c       0x16 d:/master/robotique/truestudio for stm32 9.3.0/armtools/bin/../lib/gcc/arm-atollic-eabi/6.3.1/../../../../arm-atollic-eabi/lib/armv7e-m/fpu\libc_nano.a(lib_a-memcpy-stub.o)
                0x0800622c                memcpy
 .text.memset   0x08006242       0x10 d:/master/robotique/truestudio for stm32 9.3.0/armtools/bin/../lib/gcc/arm-atollic-eabi/6.3.1/../../../../arm-atollic-eabi/lib/armv7e-m/fpu\libc_nano.a(lib_a-memset.o)
                0x08006242                memset
 *fill*         0x08006252        0x2 
 .text._free_r  0x08006254       0x9c d:/master/robotique/truestudio for stm32 9.3.0/armtools/bin/../lib/gcc/arm-atollic-eabi/6.3.1/../../../../arm-atollic-eabi/lib/armv7e-m/fpu\libc_nano.a(lib_a-nano-freer.o)
                0x08006254                _free_r
 .text._malloc_r
                0x080062f0       0xbc d:/master/robotique/truestudio for stm32 9.3.0/armtools/bin/../lib/gcc/arm-atollic-eabi/6.3.1/../../../../arm-atollic-eabi/lib/armv7e-m/fpu\libc_nano.a(lib_a-nano-mallocr.o)
                0x080062f0                _malloc_r
 .text.__sfputc_r
                0x080063ac       0x30 d:/master/robotique/truestudio for stm32 9.3.0/armtools/bin/../lib/gcc/arm-atollic-eabi/6.3.1/../../../../arm-atollic-eabi/lib/armv7e-m/fpu\libc_nano.a(lib_a-nano-vfprintf.o)
 .text.__sfputs_r
                0x080063dc       0x24 d:/master/robotique/truestudio for stm32 9.3.0/armtools/bin/../lib/gcc/arm-atollic-eabi/6.3.1/../../../../arm-atollic-eabi/lib/armv7e-m/fpu\libc_nano.a(lib_a-nano-vfprintf.o)
                0x080063dc                __sfputs_r
 .text._vfprintf_r
                0x08006400      0x22c d:/master/robotique/truestudio for stm32 9.3.0/armtools/bin/../lib/gcc/arm-atollic-eabi/6.3.1/../../../../arm-atollic-eabi/lib/armv7e-m/fpu\libc_nano.a(lib_a-nano-vfprintf.o)
                0x08006400                _vfprintf_r
                0x08006400                _vfiprintf_r
 .text._printf_common
                0x0800662c       0xec d:/master/robotique/truestudio for stm32 9.3.0/armtools/bin/../lib/gcc/arm-atollic-eabi/6.3.1/../../../../arm-atollic-eabi/lib/armv7e-m/fpu\libc_nano.a(lib_a-nano-vfprintf_i.o)
                0x0800662c                _printf_common
 .text._printf_i
                0x08006718      0x240 d:/master/robotique/truestudio for stm32 9.3.0/armtools/bin/../lib/gcc/arm-atollic-eabi/6.3.1/../../../../arm-atollic-eabi/lib/armv7e-m/fpu\libc_nano.a(lib_a-nano-vfprintf_i.o)
                0x08006718                _printf_i
 .text.printf   0x08006958       0x30 d:/master/robotique/truestudio for stm32 9.3.0/armtools/bin/../lib/gcc/arm-atollic-eabi/6.3.1/../../../../arm-atollic-eabi/lib/armv7e-m/fpu\libc_nano.a(lib_a-printf.o)
                0x08006958                iprintf
                0x08006958                printf
 .text._sbrk_r  0x08006988       0x20 d:/master/robotique/truestudio for stm32 9.3.0/armtools/bin/../lib/gcc/arm-atollic-eabi/6.3.1/../../../../arm-atollic-eabi/lib/armv7e-m/fpu\libc_nano.a(lib_a-sbrkr.o)
                0x08006988                _sbrk_r
 .text.scanf    0x080069a8       0x30 d:/master/robotique/truestudio for stm32 9.3.0/armtools/bin/../lib/gcc/arm-atollic-eabi/6.3.1/../../../../arm-atollic-eabi/lib/armv7e-m/fpu\libc_nano.a(lib_a-scanf.o)
                0x080069a8                scanf
                0x080069a8                iscanf
 .text.setvbuf  0x080069d8      0x15c d:/master/robotique/truestudio for stm32 9.3.0/armtools/bin/../lib/gcc/arm-atollic-eabi/6.3.1/../../../../arm-atollic-eabi/lib/armv7e-m/fpu\libc_nano.a(lib_a-setvbuf.o)
                0x080069d8                setvbuf
 .text.__swbuf_r
                0x08006b34       0xa4 d:/master/robotique/truestudio for stm32 9.3.0/armtools/bin/../lib/gcc/arm-atollic-eabi/6.3.1/../../../../arm-atollic-eabi/lib/armv7e-m/fpu\libc_nano.a(lib_a-wbuf.o)
                0x08006b34                __swbuf_r
 .text.__swsetup_r
                0x08006bd8       0xdc d:/master/robotique/truestudio for stm32 9.3.0/armtools/bin/../lib/gcc/arm-atollic-eabi/6.3.1/../../../../arm-atollic-eabi/lib/armv7e-m/fpu\libc_nano.a(lib_a-wsetup.o)
                0x08006bd8                __swsetup_r
 .text.__sflush_r
                0x08006cb4      0x110 d:/master/robotique/truestudio for stm32 9.3.0/armtools/bin/../lib/gcc/arm-atollic-eabi/6.3.1/../../../../arm-atollic-eabi/lib/armv7e-m/fpu\libc_nano.a(lib_a-fflush.o)
                0x08006cb4                __sflush_r
 .text._fflush_r
                0x08006dc4       0x54 d:/master/robotique/truestudio for stm32 9.3.0/armtools/bin/../lib/gcc/arm-atollic-eabi/6.3.1/../../../../arm-atollic-eabi/lib/armv7e-m/fpu\libc_nano.a(lib_a-fflush.o)
                0x08006dc4                _fflush_r
 .text.fflush   0x08006e18       0x24 d:/master/robotique/truestudio for stm32 9.3.0/armtools/bin/../lib/gcc/arm-atollic-eabi/6.3.1/../../../../arm-atollic-eabi/lib/armv7e-m/fpu\libc_nano.a(lib_a-fflush.o)
                0x08006e18                fflush
 .text._cleanup_r
                0x08006e3c        0xc d:/master/robotique/truestudio for stm32 9.3.0/armtools/bin/../lib/gcc/arm-atollic-eabi/6.3.1/../../../../arm-atollic-eabi/lib/armv7e-m/fpu\libc_nano.a(lib_a-findfp.o)
                0x08006e3c                _cleanup_r
 .text.std.isra.0
                0x08006e48       0x48 d:/master/robotique/truestudio for stm32 9.3.0/armtools/bin/../lib/gcc/arm-atollic-eabi/6.3.1/../../../../arm-atollic-eabi/lib/armv7e-m/fpu\libc_nano.a(lib_a-findfp.o)
 .text.__sfmoreglue
                0x08006e90       0x2c d:/master/robotique/truestudio for stm32 9.3.0/armtools/bin/../lib/gcc/arm-atollic-eabi/6.3.1/../../../../arm-atollic-eabi/lib/armv7e-m/fpu\libc_nano.a(lib_a-findfp.o)
                0x08006e90                __sfmoreglue
 .text.__sinit  0x08006ebc       0x60 d:/master/robotique/truestudio for stm32 9.3.0/armtools/bin/../lib/gcc/arm-atollic-eabi/6.3.1/../../../../arm-atollic-eabi/lib/armv7e-m/fpu\libc_nano.a(lib_a-findfp.o)
                0x08006ebc                __sinit
 .text.__sfp    0x08006f1c       0x78 d:/master/robotique/truestudio for stm32 9.3.0/armtools/bin/../lib/gcc/arm-atollic-eabi/6.3.1/../../../../arm-atollic-eabi/lib/armv7e-m/fpu\libc_nano.a(lib_a-findfp.o)
                0x08006f1c                __sfp
 .text._fwalk   0x08006f94       0x38 d:/master/robotique/truestudio for stm32 9.3.0/armtools/bin/../lib/gcc/arm-atollic-eabi/6.3.1/../../../../arm-atollic-eabi/lib/armv7e-m/fpu\libc_nano.a(lib_a-fwalk.o)
                0x08006f94                _fwalk
 .text._fwalk_reent
                0x08006fcc       0x3c d:/master/robotique/truestudio for stm32 9.3.0/armtools/bin/../lib/gcc/arm-atollic-eabi/6.3.1/../../../../arm-atollic-eabi/lib/armv7e-m/fpu\libc_nano.a(lib_a-fwalk.o)
                0x08006fcc                _fwalk_reent
 .text.__swhatbuf_r
                0x08007008       0x48 d:/master/robotique/truestudio for stm32 9.3.0/armtools/bin/../lib/gcc/arm-atollic-eabi/6.3.1/../../../../arm-atollic-eabi/lib/armv7e-m/fpu\libc_nano.a(lib_a-makebuf.o)
                0x08007008                __swhatbuf_r
 .text.__smakebuf_r
                0x08007050       0x80 d:/master/robotique/truestudio for stm32 9.3.0/armtools/bin/../lib/gcc/arm-atollic-eabi/6.3.1/../../../../arm-atollic-eabi/lib/armv7e-m/fpu\libc_nano.a(lib_a-makebuf.o)
                0x08007050                __smakebuf_r
 .text.__malloc_lock
                0x080070d0        0x2 d:/master/robotique/truestudio for stm32 9.3.0/armtools/bin/../lib/gcc/arm-atollic-eabi/6.3.1/../../../../arm-atollic-eabi/lib/armv7e-m/fpu\libc_nano.a(lib_a-mlock.o)
                0x080070d0                __malloc_lock
 .text.__malloc_unlock
                0x080070d2        0x2 d:/master/robotique/truestudio for stm32 9.3.0/armtools/bin/../lib/gcc/arm-atollic-eabi/6.3.1/../../../../arm-atollic-eabi/lib/armv7e-m/fpu\libc_nano.a(lib_a-mlock.o)
                0x080070d2                __malloc_unlock
 .text._realloc_r
                0x080070d4       0x4c d:/master/robotique/truestudio for stm32 9.3.0/armtools/bin/../lib/gcc/arm-atollic-eabi/6.3.1/../../../../arm-atollic-eabi/lib/armv7e-m/fpu\libc_nano.a(lib_a-nano-reallocr.o)
                0x080070d4                _realloc_r
 .text.__svfscanf_r
                0x08007120      0x2a8 d:/master/robotique/truestudio for stm32 9.3.0/armtools/bin/../lib/gcc/arm-atollic-eabi/6.3.1/../../../../arm-atollic-eabi/lib/armv7e-m/fpu\libc_nano.a(lib_a-nano-vfscanf.o)
                0x08007120                __svfscanf_r
                0x08007120                __svfiscanf_r
 .text._vfscanf_r
                0x080073c8       0x50 d:/master/robotique/truestudio for stm32 9.3.0/armtools/bin/../lib/gcc/arm-atollic-eabi/6.3.1/../../../../arm-atollic-eabi/lib/armv7e-m/fpu\libc_nano.a(lib_a-nano-vfscanf.o)
                0x080073c8                _vfscanf_r
                0x080073c8                _vfiscanf_r
 .text._scanf_chars
                0x08007418       0xc8 d:/master/robotique/truestudio for stm32 9.3.0/armtools/bin/../lib/gcc/arm-atollic-eabi/6.3.1/../../../../arm-atollic-eabi/lib/armv7e-m/fpu\libc_nano.a(lib_a-nano-vfscanf_i.o)
                0x08007418                _scanf_chars
 .text._scanf_i
                0x080074e0      0x1e8 d:/master/robotique/truestudio for stm32 9.3.0/armtools/bin/../lib/gcc/arm-atollic-eabi/6.3.1/../../../../arm-atollic-eabi/lib/armv7e-m/fpu\libc_nano.a(lib_a-nano-vfscanf_i.o)
                0x080074e0                _scanf_i
 .text.lflush   0x080076c8       0x12 d:/master/robotique/truestudio for stm32 9.3.0/armtools/bin/../lib/gcc/arm-atollic-eabi/6.3.1/../../../../arm-atollic-eabi/lib/armv7e-m/fpu\libc_nano.a(lib_a-refill.o)
 *fill*         0x080076da        0x2 
 .text.__srefill_r
                0x080076dc      0x114 d:/master/robotique/truestudio for stm32 9.3.0/armtools/bin/../lib/gcc/arm-atollic-eabi/6.3.1/../../../../arm-atollic-eabi/lib/armv7e-m/fpu\libc_nano.a(lib_a-refill.o)
                0x080076dc                __srefill_r
 .text.__sccl   0x080077f0       0x60 d:/master/robotique/truestudio for stm32 9.3.0/armtools/bin/../lib/gcc/arm-atollic-eabi/6.3.1/../../../../arm-atollic-eabi/lib/armv7e-m/fpu\libc_nano.a(lib_a-sccl.o)
                0x080077f0                __sccl
 .text.__sread  0x08007850       0x22 d:/master/robotique/truestudio for stm32 9.3.0/armtools/bin/../lib/gcc/arm-atollic-eabi/6.3.1/../../../../arm-atollic-eabi/lib/armv7e-m/fpu\libc_nano.a(lib_a-stdio.o)
                0x08007850                __sread
 .text.__swrite
                0x08007872       0x38 d:/master/robotique/truestudio for stm32 9.3.0/armtools/bin/../lib/gcc/arm-atollic-eabi/6.3.1/../../../../arm-atollic-eabi/lib/armv7e-m/fpu\libc_nano.a(lib_a-stdio.o)
                0x08007872                __swrite
 .text.__sseek  0x080078aa       0x24 d:/master/robotique/truestudio for stm32 9.3.0/armtools/bin/../lib/gcc/arm-atollic-eabi/6.3.1/../../../../arm-atollic-eabi/lib/armv7e-m/fpu\libc_nano.a(lib_a-stdio.o)
                0x080078aa                __sseek
 .text.__sclose
                0x080078ce        0x8 d:/master/robotique/truestudio for stm32 9.3.0/armtools/bin/../lib/gcc/arm-atollic-eabi/6.3.1/../../../../arm-atollic-eabi/lib/armv7e-m/fpu\libc_nano.a(lib_a-stdio.o)
                0x080078ce                __sclose
 .text._strtol_l.isra.0
                0x080078d6      0x100 d:/master/robotique/truestudio for stm32 9.3.0/armtools/bin/../lib/gcc/arm-atollic-eabi/6.3.1/../../../../arm-atollic-eabi/lib/armv7e-m/fpu\libc_nano.a(lib_a-strtol.o)
 *fill*         0x080079d6        0x2 
 .text._strtol_r
                0x080079d8       0x24 d:/master/robotique/truestudio for stm32 9.3.0/armtools/bin/../lib/gcc/arm-atollic-eabi/6.3.1/../../../../arm-atollic-eabi/lib/armv7e-m/fpu\libc_nano.a(lib_a-strtol.o)
                0x080079d8                _strtol_r
 .text._strtoul_l.isra.0
                0x080079fc       0xfa d:/master/robotique/truestudio for stm32 9.3.0/armtools/bin/../lib/gcc/arm-atollic-eabi/6.3.1/../../../../arm-atollic-eabi/lib/armv7e-m/fpu\libc_nano.a(lib_a-strtoul.o)
 *fill*         0x08007af6        0x2 
 .text._strtoul_r
                0x08007af8       0x24 d:/master/robotique/truestudio for stm32 9.3.0/armtools/bin/../lib/gcc/arm-atollic-eabi/6.3.1/../../../../arm-atollic-eabi/lib/armv7e-m/fpu\libc_nano.a(lib_a-strtoul.o)
                0x08007af8                _strtoul_r
 .text.__submore
                0x08007b1c       0x76 d:/master/robotique/truestudio for stm32 9.3.0/armtools/bin/../lib/gcc/arm-atollic-eabi/6.3.1/../../../../arm-atollic-eabi/lib/armv7e-m/fpu\libc_nano.a(lib_a-ungetc.o)
                0x08007b1c                __submore
 *fill*         0x08007b92        0x2 
 .text._ungetc_r
                0x08007b94       0xe4 d:/master/robotique/truestudio for stm32 9.3.0/armtools/bin/../lib/gcc/arm-atollic-eabi/6.3.1/../../../../arm-atollic-eabi/lib/armv7e-m/fpu\libc_nano.a(lib_a-ungetc.o)
                0x08007b94                _ungetc_r
 .text._write_r
                0x08007c78       0x24 d:/master/robotique/truestudio for stm32 9.3.0/armtools/bin/../lib/gcc/arm-atollic-eabi/6.3.1/../../../../arm-atollic-eabi/lib/armv7e-m/fpu\libc_nano.a(lib_a-writer.o)
                0x08007c78                _write_r
 .text._close_r
                0x08007c9c       0x20 d:/master/robotique/truestudio for stm32 9.3.0/armtools/bin/../lib/gcc/arm-atollic-eabi/6.3.1/../../../../arm-atollic-eabi/lib/armv7e-m/fpu\libc_nano.a(lib_a-closer.o)
                0x08007c9c                _close_r
 .text._fstat_r
                0x08007cbc       0x24 d:/master/robotique/truestudio for stm32 9.3.0/armtools/bin/../lib/gcc/arm-atollic-eabi/6.3.1/../../../../arm-atollic-eabi/lib/armv7e-m/fpu\libc_nano.a(lib_a-fstatr.o)
                0x08007cbc                _fstat_r
 .text._isatty_r
                0x08007ce0       0x20 d:/master/robotique/truestudio for stm32 9.3.0/armtools/bin/../lib/gcc/arm-atollic-eabi/6.3.1/../../../../arm-atollic-eabi/lib/armv7e-m/fpu\libc_nano.a(lib_a-isattyr.o)
                0x08007ce0                _isatty_r
 .text.__locale_ctype_ptr_l
                0x08007d00        0x6 d:/master/robotique/truestudio for stm32 9.3.0/armtools/bin/../lib/gcc/arm-atollic-eabi/6.3.1/../../../../arm-atollic-eabi/lib/armv7e-m/fpu\libc_nano.a(lib_a-locale.o)
                0x08007d00                __locale_ctype_ptr_l
 *fill*         0x08007d06        0x2 
 .text.__locale_ctype_ptr
                0x08007d08       0x1c d:/master/robotique/truestudio for stm32 9.3.0/armtools/bin/../lib/gcc/arm-atollic-eabi/6.3.1/../../../../arm-atollic-eabi/lib/armv7e-m/fpu\libc_nano.a(lib_a-locale.o)
                0x08007d08                __locale_ctype_ptr
 .text._lseek_r
                0x08007d24       0x24 d:/master/robotique/truestudio for stm32 9.3.0/armtools/bin/../lib/gcc/arm-atollic-eabi/6.3.1/../../../../arm-atollic-eabi/lib/armv7e-m/fpu\libc_nano.a(lib_a-lseekr.o)
                0x08007d24                _lseek_r
 .text.__ascii_mbtowc
                0x08007d48       0x24 d:/master/robotique/truestudio for stm32 9.3.0/armtools/bin/../lib/gcc/arm-atollic-eabi/6.3.1/../../../../arm-atollic-eabi/lib/armv7e-m/fpu\libc_nano.a(lib_a-mbtowc_r.o)
                0x08007d48                __ascii_mbtowc
 .text._malloc_usable_size_r
                0x08007d6c       0x12 d:/master/robotique/truestudio for stm32 9.3.0/armtools/bin/../lib/gcc/arm-atollic-eabi/6.3.1/../../../../arm-atollic-eabi/lib/armv7e-m/fpu\libc_nano.a(lib_a-nano-msizer.o)
                0x08007d6c                _malloc_usable_size_r
 *fill*         0x08007d7e        0x2 
 .text._read_r  0x08007d80       0x24 d:/master/robotique/truestudio for stm32 9.3.0/armtools/bin/../lib/gcc/arm-atollic-eabi/6.3.1/../../../../arm-atollic-eabi/lib/armv7e-m/fpu\libc_nano.a(lib_a-readr.o)
                0x08007d80                _read_r
 .text.__ascii_wctomb
                0x08007da4       0x1a d:/master/robotique/truestudio for stm32 9.3.0/armtools/bin/../lib/gcc/arm-atollic-eabi/6.3.1/../../../../arm-atollic-eabi/lib/armv7e-m/fpu\libc_nano.a(lib_a-wctomb_r.o)
                0x08007da4                __ascii_wctomb
 *(.glue_7)
 .glue_7        0x08007dbe        0x0 linker stubs
 *(.glue_7t)
 .glue_7t       0x08007dbe        0x0 linker stubs
 *(.eh_frame)
 *fill*         0x08007dbe        0x2 
 .eh_frame      0x08007dc0        0x0 d:/master/robotique/truestudio for stm32 9.3.0/armtools/bin/../lib/gcc/arm-atollic-eabi/6.3.1/armv7e-m/fpu/crtbegin.o
 *(.init)
 .init          0x08007dc0        0x4 d:/master/robotique/truestudio for stm32 9.3.0/armtools/bin/../lib/gcc/arm-atollic-eabi/6.3.1/armv7e-m/fpu/crti.o
                0x08007dc0                _init
 .init          0x08007dc4        0x8 d:/master/robotique/truestudio for stm32 9.3.0/armtools/bin/../lib/gcc/arm-atollic-eabi/6.3.1/armv7e-m/fpu/crtn.o
 *(.fini)
 .fini          0x08007dcc        0x4 d:/master/robotique/truestudio for stm32 9.3.0/armtools/bin/../lib/gcc/arm-atollic-eabi/6.3.1/armv7e-m/fpu/crti.o
                0x08007dcc                _fini
 .fini          0x08007dd0        0x8 d:/master/robotique/truestudio for stm32 9.3.0/armtools/bin/../lib/gcc/arm-atollic-eabi/6.3.1/armv7e-m/fpu/crtn.o
                0x08007dd8                . = ALIGN (0x4)
                0x08007dd8                _etext = .

.vfp11_veneer   0x08007dd8        0x0
 .vfp11_veneer  0x08007dd8        0x0 linker stubs

.v4_bx          0x08007dd8        0x0
 .v4_bx         0x08007dd8        0x0 linker stubs

.iplt           0x08007dd8        0x0
 .iplt          0x08007dd8        0x0 d:/master/robotique/truestudio for stm32 9.3.0/armtools/bin/../lib/gcc/arm-atollic-eabi/6.3.1/armv7e-m/fpu/crtbegin.o

.rodata         0x08007dd8      0x2a8
                0x08007dd8                . = ALIGN (0x4)
 *(.rodata)
 .rodata        0x08007dd8        0xc d:/master/robotique/truestudio for stm32 9.3.0/armtools/bin/../lib/gcc/arm-atollic-eabi/6.3.1/../../../../arm-atollic-eabi/lib/armv7e-m/fpu\libc_nano.a(lib_a-nano-vfscanf_i.o)
 *(.rodata*)
 .rodata.vTaskStartScheduler.str1.4
                0x08007de4        0x5 Middlewares\Third_Party\FreeRTOS\Source\tasks.o
 *fill*         0x08007de9        0x3 
 .rodata.prvCheckForValidListAndQueue.str1.4
                0x08007dec        0x5 Middlewares\Third_Party\FreeRTOS\Source\timers.o
 *fill*         0x08007df1        0x3 
 .rodata.xTimerCreateTimerTask.str1.4
                0x08007df4        0x8 Middlewares\Third_Party\FreeRTOS\Source\timers.o
 .rodata.StartComTask.str1.4
                0x08007dfc        0x9 Src\main.o
 *fill*         0x08007e05        0x3 
 .rodata.StartCommandTask.str1.4
                0x08007e08       0x40 Src\main.o
 .rodata.defaultTask_attributes
                0x08007e48       0x24 Src\main.o
                0x08007e48                defaultTask_attributes
 .rodata.main.str1.4
                0x08007e6c       0x2d Src\main.o
 *fill*         0x08007e99        0x3 
 .rodata.str1.4
                0x08007e9c        0xc Src\main.o
 .rodata.AHBPrescTable
                0x08007ea8       0x10 Src\system_stm32f4xx.o
                0x08007ea8                AHBPrescTable
 .rodata.APBPrescTable
                0x08007eb8        0x8 Src\system_stm32f4xx.o
                0x08007eb8                APBPrescTable
 .rodata._global_impure_ptr
                0x08007ec0        0x4 d:/master/robotique/truestudio for stm32 9.3.0/armtools/bin/../lib/gcc/arm-atollic-eabi/6.3.1/../../../../arm-atollic-eabi/lib/armv7e-m/fpu\libc_nano.a(lib_a-impure.o)
                0x08007ec0                _global_impure_ptr
 .rodata._vfprintf_r.str1.1
                0x08007ec4       0x11 d:/master/robotique/truestudio for stm32 9.3.0/armtools/bin/../lib/gcc/arm-atollic-eabi/6.3.1/../../../../arm-atollic-eabi/lib/armv7e-m/fpu\libc_nano.a(lib_a-nano-vfprintf.o)
 .rodata._printf_i.str1.1
                0x08007ed5       0x22 d:/master/robotique/truestudio for stm32 9.3.0/armtools/bin/../lib/gcc/arm-atollic-eabi/6.3.1/../../../../arm-atollic-eabi/lib/armv7e-m/fpu\libc_nano.a(lib_a-nano-vfprintf_i.o)
 *fill*         0x08007ef7        0x1 
 .rodata.__sf_fake_stderr
                0x08007ef8       0x20 d:/master/robotique/truestudio for stm32 9.3.0/armtools/bin/../lib/gcc/arm-atollic-eabi/6.3.1/../../../../arm-atollic-eabi/lib/armv7e-m/fpu\libc_nano.a(lib_a-findfp.o)
                0x08007ef8                __sf_fake_stderr
 .rodata.__sf_fake_stdin
                0x08007f18       0x20 d:/master/robotique/truestudio for stm32 9.3.0/armtools/bin/../lib/gcc/arm-atollic-eabi/6.3.1/../../../../arm-atollic-eabi/lib/armv7e-m/fpu\libc_nano.a(lib_a-findfp.o)
                0x08007f18                __sf_fake_stdin
 .rodata.__sf_fake_stdout
                0x08007f38       0x20 d:/master/robotique/truestudio for stm32 9.3.0/armtools/bin/../lib/gcc/arm-atollic-eabi/6.3.1/../../../../arm-atollic-eabi/lib/armv7e-m/fpu\libc_nano.a(lib_a-findfp.o)
                0x08007f38                __sf_fake_stdout
 .rodata.__svfscanf_r.str1.1
                0x08007f58        0x4 d:/master/robotique/truestudio for stm32 9.3.0/armtools/bin/../lib/gcc/arm-atollic-eabi/6.3.1/../../../../arm-atollic-eabi/lib/armv7e-m/fpu\libc_nano.a(lib_a-nano-vfscanf.o)
 .rodata._scanf_i.str1.1
                0x08007f58       0x12 d:/master/robotique/truestudio for stm32 9.3.0/armtools/bin/../lib/gcc/arm-atollic-eabi/6.3.1/../../../../arm-atollic-eabi/lib/armv7e-m/fpu\libc_nano.a(lib_a-nano-vfscanf_i.o)
 .rodata.str1.1
                0x08007f6a        0x9 d:/master/robotique/truestudio for stm32 9.3.0/armtools/bin/../lib/gcc/arm-atollic-eabi/6.3.1/../../../../arm-atollic-eabi/lib/armv7e-m/fpu\libc_nano.a(lib_a-nano-vfscanf_i.o)
 .rodata._setlocale_r.str1.1
                0x08007f73        0x8 d:/master/robotique/truestudio for stm32 9.3.0/armtools/bin/../lib/gcc/arm-atollic-eabi/6.3.1/../../../../arm-atollic-eabi/lib/armv7e-m/fpu\libc_nano.a(lib_a-locale.o)
                                  0x9 (size before relaxing)
 .rodata.str1.1
                0x08007f7b        0x2 d:/master/robotique/truestudio for stm32 9.3.0/armtools/bin/../lib/gcc/arm-atollic-eabi/6.3.1/../../../../arm-atollic-eabi/lib/armv7e-m/fpu\libc_nano.a(lib_a-locale.o)
 .rodata._ctype_
                0x08007f7d      0x101 d:/master/robotique/truestudio for stm32 9.3.0/armtools/bin/../lib/gcc/arm-atollic-eabi/6.3.1/../../../../arm-atollic-eabi/lib/armv7e-m/fpu\libc_nano.a(lib_a-ctype_.o)
                0x08007f7d                _ctype_
                0x08008080                . = ALIGN (0x4)
 *fill*         0x0800807e        0x2 

.ARM.extab
 *(.ARM.extab* .gnu.linkonce.armextab.*)

.ARM            0x08008080        0x8
                0x08008080                __exidx_start = .
 *(.ARM.exidx*)
 .ARM.exidx     0x08008080        0x8 d:/master/robotique/truestudio for stm32 9.3.0/armtools/bin/../lib/gcc/arm-atollic-eabi/6.3.1/armv7e-m/fpu\libgcc.a(_udivmoddi4.o)
                0x08008088                __exidx_end = .

.rel.dyn        0x08008088        0x0
 .rel.iplt      0x08008088        0x0 d:/master/robotique/truestudio for stm32 9.3.0/armtools/bin/../lib/gcc/arm-atollic-eabi/6.3.1/armv7e-m/fpu/crtbegin.o

.preinit_array  0x08008088        0x0
                0x08008088                PROVIDE (__preinit_array_start, .)
 *(.preinit_array*)
                0x08008088                PROVIDE (__preinit_array_end, .)

.init_array     0x08008088        0x4
                0x08008088                PROVIDE (__init_array_start, .)
 *(SORT(.init_array.*))
 *(.init_array*)
 .init_array    0x08008088        0x4 d:/master/robotique/truestudio for stm32 9.3.0/armtools/bin/../lib/gcc/arm-atollic-eabi/6.3.1/armv7e-m/fpu/crtbegin.o
                0x0800808c                PROVIDE (__init_array_end, .)

.fini_array     0x0800808c        0x4
                [!provide]                PROVIDE (__fini_array_start, .)
 *(SORT(.fini_array.*))
 *(.fini_array*)
 .fini_array    0x0800808c        0x4 d:/master/robotique/truestudio for stm32 9.3.0/armtools/bin/../lib/gcc/arm-atollic-eabi/6.3.1/armv7e-m/fpu/crtbegin.o
                [!provide]                PROVIDE (__fini_array_end, .)
                0x08008090                _sidata = LOADADDR (.data)

.data           0x20000000      0x1e0 load address 0x08008090
                0x20000000                . = ALIGN (0x4)
                0x20000000                _sdata = .
 *(.data)
 *(.data*)
 .data.uwTickFreq
                0x20000000        0x1 Drivers\STM32F4xx_HAL_Driver\Src\stm32f4xx_hal.o
                0x20000000                uwTickFreq
 *fill*         0x20000001        0x3 
 .data.uwTickPrio
                0x20000004        0x4 Drivers\STM32F4xx_HAL_Driver\Src\stm32f4xx_hal.o
                0x20000004                uwTickPrio
 .data.uxCriticalNesting
                0x20000008        0x4 Middlewares\Third_Party\FreeRTOS\Source\portable\GCC\ARM_CM4F\port.o
 .data.SystemCoreClock
                0x2000000c        0x4 Src\system_stm32f4xx.o
                0x2000000c                SystemCoreClock
 .data._impure_ptr
                0x20000010        0x4 d:/master/robotique/truestudio for stm32 9.3.0/armtools/bin/../lib/gcc/arm-atollic-eabi/6.3.1/../../../../arm-atollic-eabi/lib/armv7e-m/fpu\libc_nano.a(lib_a-impure.o)
                0x20000010                _impure_ptr
 .data.impure_data
                0x20000014       0x60 d:/master/robotique/truestudio for stm32 9.3.0/armtools/bin/../lib/gcc/arm-atollic-eabi/6.3.1/../../../../arm-atollic-eabi/lib/armv7e-m/fpu\libc_nano.a(lib_a-impure.o)
 .data.__global_locale
                0x20000074      0x16c d:/master/robotique/truestudio for stm32 9.3.0/armtools/bin/../lib/gcc/arm-atollic-eabi/6.3.1/../../../../arm-atollic-eabi/lib/armv7e-m/fpu\libc_nano.a(lib_a-locale.o)
                0x20000074                __global_locale
                0x200001e0                . = ALIGN (0x4)
                0x200001e0                _edata = .
                0x08008270                _siccmram = LOADADDR (.ccmram)

.igot.plt       0x200001e0        0x0 load address 0x08008270
 .igot.plt      0x200001e0        0x0 d:/master/robotique/truestudio for stm32 9.3.0/armtools/bin/../lib/gcc/arm-atollic-eabi/6.3.1/armv7e-m/fpu/crtbegin.o

.ccmram         0x10000000        0x0 load address 0x08008270
                0x10000000                . = ALIGN (0x4)
                0x10000000                _sccmram = .
 *(.ccmram)
 *(.ccmram*)
                0x10000000                . = ALIGN (0x4)
                0x10000000                _eccmram = .
                0x10000000                . = ALIGN (0x4)

.bss            0x200001e0     0x4b48
                0x200001e0                _sbss = .
                0x200001e0                __bss_start__ = _sbss
 *(.bss)
 .bss           0x200001e0       0x1c d:/master/robotique/truestudio for stm32 9.3.0/armtools/bin/../lib/gcc/arm-atollic-eabi/6.3.1/armv7e-m/fpu/crtbegin.o
 *(.bss*)
 .bss.Idle_Stack.9869
                0x200001fc      0x200 Middlewares\Third_Party\FreeRTOS\Source\CMSIS_RTOS_V2\cmsis_os2.o
 .bss.Idle_TCB.9868
                0x200003fc       0x5c Middlewares\Third_Party\FreeRTOS\Source\CMSIS_RTOS_V2\cmsis_os2.o
 .bss.KernelState
                0x20000458        0x4 Middlewares\Third_Party\FreeRTOS\Source\CMSIS_RTOS_V2\cmsis_os2.o
 .bss.Timer_Stack.9876
                0x2000045c      0x400 Middlewares\Third_Party\FreeRTOS\Source\CMSIS_RTOS_V2\cmsis_os2.o
 .bss.Timer_TCB.9875
                0x2000085c       0x5c Middlewares\Third_Party\FreeRTOS\Source\CMSIS_RTOS_V2\cmsis_os2.o
 .bss.ucMaxSysCallPriority
                0x200008b8        0x1 Middlewares\Third_Party\FreeRTOS\Source\portable\GCC\ARM_CM4F\port.o
 *fill*         0x200008b9        0x3 
 .bss.ulMaxPRIGROUPValue
                0x200008bc        0x4 Middlewares\Third_Party\FreeRTOS\Source\portable\GCC\ARM_CM4F\port.o
 .bss.pxEnd     0x200008c0        0x4 Middlewares\Third_Party\FreeRTOS\Source\portable\MemMang\heap_4.o
 .bss.ucHeap    0x200008c4     0x3c00 Middlewares\Third_Party\FreeRTOS\Source\portable\MemMang\heap_4.o
 .bss.xBlockAllocatedBit
                0x200044c4        0x4 Middlewares\Third_Party\FreeRTOS\Source\portable\MemMang\heap_4.o
 .bss.xFreeBytesRemaining
                0x200044c8        0x4 Middlewares\Third_Party\FreeRTOS\Source\portable\MemMang\heap_4.o
 .bss.xMinimumEverFreeBytesRemaining
                0x200044cc        0x4 Middlewares\Third_Party\FreeRTOS\Source\portable\MemMang\heap_4.o
 .bss.xNumberOfSuccessfulAllocations
                0x200044d0        0x4 Middlewares\Third_Party\FreeRTOS\Source\portable\MemMang\heap_4.o
 .bss.xNumberOfSuccessfulFrees
                0x200044d4        0x4 Middlewares\Third_Party\FreeRTOS\Source\portable\MemMang\heap_4.o
 .bss.xStart    0x200044d8        0x8 Middlewares\Third_Party\FreeRTOS\Source\portable\MemMang\heap_4.o
 .bss.pxCurrentTCB
                0x200044e0        0x4 Middlewares\Third_Party\FreeRTOS\Source\tasks.o
                0x200044e0                pxCurrentTCB
 .bss.pxDelayedTaskList
                0x200044e4        0x4 Middlewares\Third_Party\FreeRTOS\Source\tasks.o
 .bss.pxOverflowDelayedTaskList
                0x200044e8        0x4 Middlewares\Third_Party\FreeRTOS\Source\tasks.o
 .bss.pxReadyTasksLists
                0x200044ec      0x460 Middlewares\Third_Party\FreeRTOS\Source\tasks.o
 .bss.uxCurrentNumberOfTasks
                0x2000494c        0x4 Middlewares\Third_Party\FreeRTOS\Source\tasks.o
 .bss.uxDeletedTasksWaitingCleanUp
                0x20004950        0x4 Middlewares\Third_Party\FreeRTOS\Source\tasks.o
 .bss.uxSchedulerSuspended
                0x20004954        0x4 Middlewares\Third_Party\FreeRTOS\Source\tasks.o
 .bss.uxTaskNumber
                0x20004958        0x4 Middlewares\Third_Party\FreeRTOS\Source\tasks.o
 .bss.uxTopReadyPriority
                0x2000495c        0x4 Middlewares\Third_Party\FreeRTOS\Source\tasks.o
 .bss.xDelayedTaskList1
                0x20004960       0x14 Middlewares\Third_Party\FreeRTOS\Source\tasks.o
 .bss.xDelayedTaskList2
                0x20004974       0x14 Middlewares\Third_Party\FreeRTOS\Source\tasks.o
 .bss.xNextTaskUnblockTime
                0x20004988        0x4 Middlewares\Third_Party\FreeRTOS\Source\tasks.o
 .bss.xNumOfOverflows
                0x2000498c        0x4 Middlewares\Third_Party\FreeRTOS\Source\tasks.o
 .bss.xPendedTicks
                0x20004990        0x4 Middlewares\Third_Party\FreeRTOS\Source\tasks.o
 .bss.xPendingReadyList
                0x20004994       0x14 Middlewares\Third_Party\FreeRTOS\Source\tasks.o
 .bss.xSchedulerRunning
                0x200049a8        0x4 Middlewares\Third_Party\FreeRTOS\Source\tasks.o
 .bss.xSuspendedTaskList
                0x200049ac       0x14 Middlewares\Third_Party\FreeRTOS\Source\tasks.o
 .bss.xTasksWaitingTermination
                0x200049c0       0x14 Middlewares\Third_Party\FreeRTOS\Source\tasks.o
 .bss.xTickCount
                0x200049d4        0x4 Middlewares\Third_Party\FreeRTOS\Source\tasks.o
 .bss.xYieldPending
                0x200049d8        0x4 Middlewares\Third_Party\FreeRTOS\Source\tasks.o
 .bss.pxCurrentTimerList
                0x200049dc        0x4 Middlewares\Third_Party\FreeRTOS\Source\timers.o
 .bss.pxOverflowTimerList
                0x200049e0        0x4 Middlewares\Third_Party\FreeRTOS\Source\timers.o
 .bss.ucStaticTimerQueueStorage.6674
                0x200049e4       0xa0 Middlewares\Third_Party\FreeRTOS\Source\timers.o
 .bss.xActiveTimerList1
                0x20004a84       0x14 Middlewares\Third_Party\FreeRTOS\Source\timers.o
 .bss.xActiveTimerList2
                0x20004a98       0x14 Middlewares\Third_Party\FreeRTOS\Source\timers.o
 .bss.xLastTime.6623
                0x20004aac        0x4 Middlewares\Third_Party\FreeRTOS\Source\timers.o
 .bss.xStaticTimerQueue.6673
                0x20004ab0       0x50 Middlewares\Third_Party\FreeRTOS\Source\timers.o
 .bss.xTimerQueue
                0x20004b00        0x4 Middlewares\Third_Party\FreeRTOS\Source\timers.o
 .bss.xTimerTaskHandle
                0x20004b04        0x4 Middlewares\Third_Party\FreeRTOS\Source\timers.o
 .bss.p_bno055  0x20004b08        0x4 Src\bno055.o
 .bss.heap_end.7008
                0x20004b0c        0x4 Src\syscalls.o
 .bss.__malloc_free_list
                0x20004b10        0x4 d:/master/robotique/truestudio for stm32 9.3.0/armtools/bin/../lib/gcc/arm-atollic-eabi/6.3.1/../../../../arm-atollic-eabi/lib/armv7e-m/fpu\libc_nano.a(lib_a-nano-mallocr.o)
                0x20004b10                __malloc_free_list
 .bss.__malloc_sbrk_start
                0x20004b14        0x4 d:/master/robotique/truestudio for stm32 9.3.0/armtools/bin/../lib/gcc/arm-atollic-eabi/6.3.1/../../../../arm-atollic-eabi/lib/armv7e-m/fpu\libc_nano.a(lib_a-nano-mallocr.o)
                0x20004b14                __malloc_sbrk_start
 *(COMMON)
 COMMON         0x20004b18        0x4 Drivers\STM32F4xx_HAL_Driver\Src\stm32f4xx_hal.o
                0x20004b18                uwTick
 COMMON         0x20004b1c       0x40 Middlewares\Third_Party\FreeRTOS\Source\queue.o
                0x20004b1c                xQueueRegistry
 COMMON         0x20004b5c       0x20 Src\bno055_support.o
                0x20004b5c                xI2cRxSemaphore
                0x20004b60                bno055
                0x20004b78                xI2cTxSemaphore
 COMMON         0x20004b7c      0x152 Src\main.o
                0x20004b7c                defaultTaskHandle
                0x20004b80                commandTaskHandle
                0x20004b84                guidanceTaskHandle
                0x20004b88                hi2c1
                0x20004bdc                sensorTaskHandle
                0x20004be0                comTaskHandle
                0x20004be4                htim3
                0x20004c2c                imu_position
                0x20004c3c                htim2
                0x20004c84                huart2
                0x20004cc8                euler_hrp
 *fill*         0x20004cce        0x2 
 COMMON         0x20004cd0        0xc Src\retarget.o
                0x20004cd0                gHuart
                0x20004cd4                xTxSemaphore
                0x20004cd8                xRxSemaphore
 COMMON         0x20004cdc       0x48 Src\stm32f4xx_hal_timebase_tim.o
                0x20004cdc                htim11
 COMMON         0x20004d24        0x4 d:/master/robotique/truestudio for stm32 9.3.0/armtools/bin/../lib/gcc/arm-atollic-eabi/6.3.1/../../../../arm-atollic-eabi/lib/armv7e-m/fpu\libc_nano.a(lib_a-reent.o)
                0x20004d24                errno
                0x20004d28                . = ALIGN (0x4)
                0x20004d28                _ebss = .
                0x20004d28                __bss_end__ = _ebss

._user_heap_stack
                0x20004d28      0x400
                0x20004d28                . = ALIGN (0x4)
                0x20004d28                PROVIDE (end, .)
                [!provide]                PROVIDE (_end, .)
                0x20004d28                . = (. + _Min_Heap_Size)
                0x20005128                . = (. + _Min_Stack_Size)
 *fill*         0x20004d28      0x400 
                0x20005128                . = ALIGN (0x4)

.memory_b1_text
 *(.mb1text)
 *(.mb1text*)
 *(.mb1rodata)
 *(.mb1rodata*)

/DISCARD/
 libc.a(*)
 libm.a(*)
 libgcc.a(*)

.ARM.attributes
                0x00000000       0x30
 *(.ARM.attributes)
 .ARM.attributes
                0x00000000       0x22 d:/master/robotique/truestudio for stm32 9.3.0/armtools/bin/../lib/gcc/arm-atollic-eabi/6.3.1/armv7e-m/fpu/crti.o
 .ARM.attributes
                0x00000022       0x34 d:/master/robotique/truestudio for stm32 9.3.0/armtools/bin/../lib/gcc/arm-atollic-eabi/6.3.1/armv7e-m/fpu/crtbegin.o
 .ARM.attributes
                0x00000056       0x39 Drivers\STM32F4xx_HAL_Driver\Src\stm32f4xx_hal.o
 .ARM.attributes
                0x0000008f       0x39 Drivers\STM32F4xx_HAL_Driver\Src\stm32f4xx_hal_cortex.o
 .ARM.attributes
                0x000000c8       0x39 Drivers\STM32F4xx_HAL_Driver\Src\stm32f4xx_hal_dma.o
 .ARM.attributes
                0x00000101       0x39 Drivers\STM32F4xx_HAL_Driver\Src\stm32f4xx_hal_gpio.o
 .ARM.attributes
                0x0000013a       0x39 Drivers\STM32F4xx_HAL_Driver\Src\stm32f4xx_hal_i2c.o
 .ARM.attributes
                0x00000173       0x39 Drivers\STM32F4xx_HAL_Driver\Src\stm32f4xx_hal_rcc.o
 .ARM.attributes
                0x000001ac       0x39 Drivers\STM32F4xx_HAL_Driver\Src\stm32f4xx_hal_tim.o
 .ARM.attributes
                0x000001e5       0x39 Drivers\STM32F4xx_HAL_Driver\Src\stm32f4xx_hal_tim_ex.o
 .ARM.attributes
                0x0000021e       0x39 Drivers\STM32F4xx_HAL_Driver\Src\stm32f4xx_hal_uart.o
 .ARM.attributes
                0x00000257       0x39 Middlewares\Third_Party\FreeRTOS\Source\CMSIS_RTOS_V2\cmsis_os2.o
 .ARM.attributes
                0x00000290       0x39 Middlewares\Third_Party\FreeRTOS\Source\list.o
 .ARM.attributes
                0x000002c9       0x39 Middlewares\Third_Party\FreeRTOS\Source\portable\GCC\ARM_CM4F\port.o
 .ARM.attributes
                0x00000302       0x39 Middlewares\Third_Party\FreeRTOS\Source\portable\MemMang\heap_4.o
 .ARM.attributes
                0x0000033b       0x39 Middlewares\Third_Party\FreeRTOS\Source\queue.o
 .ARM.attributes
                0x00000374       0x39 Middlewares\Third_Party\FreeRTOS\Source\tasks.o
 .ARM.attributes
                0x000003ad       0x39 Middlewares\Third_Party\FreeRTOS\Source\timers.o
 .ARM.attributes
                0x000003e6       0x39 Src\bno055.o
 .ARM.attributes
                0x0000041f       0x39 Src\bno055_support.o
 .ARM.attributes
                0x00000458       0x39 Src\main.o
 .ARM.attributes
                0x00000491       0x39 Src\retarget.o
 .ARM.attributes
                0x000004ca       0x39 Src\stm32f4xx_hal_msp.o
 .ARM.attributes
                0x00000503       0x39 Src\stm32f4xx_hal_timebase_tim.o
 .ARM.attributes
                0x0000053c       0x39 Src\stm32f4xx_it.o
 .ARM.attributes
                0x00000575       0x39 Src\syscalls.o
 .ARM.attributes
                0x000005ae       0x39 Src\system_stm32f4xx.o
 .ARM.attributes
                0x000005e7       0x21 startup\startup_stm32f401xe.o
 .ARM.attributes
                0x00000608       0x34 d:/master/robotique/truestudio for stm32 9.3.0/armtools/bin/../lib/gcc/arm-atollic-eabi/6.3.1/../../../../arm-atollic-eabi/lib/armv7e-m/fpu\libc_nano.a(lib_a-errno.o)
 .ARM.attributes
                0x0000063c       0x34 d:/master/robotique/truestudio for stm32 9.3.0/armtools/bin/../lib/gcc/arm-atollic-eabi/6.3.1/../../../../arm-atollic-eabi/lib/armv7e-m/fpu\libc_nano.a(lib_a-impure.o)
 .ARM.attributes
                0x00000670       0x34 d:/master/robotique/truestudio for stm32 9.3.0/armtools/bin/../lib/gcc/arm-atollic-eabi/6.3.1/../../../../arm-atollic-eabi/lib/armv7e-m/fpu\libc_nano.a(lib_a-init.o)
 .ARM.attributes
                0x000006a4       0x34 d:/master/robotique/truestudio for stm32 9.3.0/armtools/bin/../lib/gcc/arm-atollic-eabi/6.3.1/../../../../arm-atollic-eabi/lib/armv7e-m/fpu\libc_nano.a(lib_a-malloc.o)
 .ARM.attributes
                0x000006d8       0x34 d:/master/robotique/truestudio for stm32 9.3.0/armtools/bin/../lib/gcc/arm-atollic-eabi/6.3.1/../../../../arm-atollic-eabi/lib/armv7e-m/fpu\libc_nano.a(lib_a-memcpy-stub.o)
 .ARM.attributes
                0x0000070c       0x34 d:/master/robotique/truestudio for stm32 9.3.0/armtools/bin/../lib/gcc/arm-atollic-eabi/6.3.1/../../../../arm-atollic-eabi/lib/armv7e-m/fpu\libc_nano.a(lib_a-memset.o)
 .ARM.attributes
                0x00000740       0x34 d:/master/robotique/truestudio for stm32 9.3.0/armtools/bin/../lib/gcc/arm-atollic-eabi/6.3.1/../../../../arm-atollic-eabi/lib/armv7e-m/fpu\libc_nano.a(lib_a-nano-freer.o)
 .ARM.attributes
                0x00000774       0x34 d:/master/robotique/truestudio for stm32 9.3.0/armtools/bin/../lib/gcc/arm-atollic-eabi/6.3.1/../../../../arm-atollic-eabi/lib/armv7e-m/fpu\libc_nano.a(lib_a-nano-mallocr.o)
 .ARM.attributes
                0x000007a8       0x34 d:/master/robotique/truestudio for stm32 9.3.0/armtools/bin/../lib/gcc/arm-atollic-eabi/6.3.1/../../../../arm-atollic-eabi/lib/armv7e-m/fpu\libc_nano.a(lib_a-nano-vfprintf.o)
 .ARM.attributes
                0x000007dc       0x34 d:/master/robotique/truestudio for stm32 9.3.0/armtools/bin/../lib/gcc/arm-atollic-eabi/6.3.1/../../../../arm-atollic-eabi/lib/armv7e-m/fpu\libc_nano.a(lib_a-nano-vfprintf_i.o)
 .ARM.attributes
                0x00000810       0x34 d:/master/robotique/truestudio for stm32 9.3.0/armtools/bin/../lib/gcc/arm-atollic-eabi/6.3.1/../../../../arm-atollic-eabi/lib/armv7e-m/fpu\libc_nano.a(lib_a-printf.o)
 .ARM.attributes
                0x00000844       0x34 d:/master/robotique/truestudio for stm32 9.3.0/armtools/bin/../lib/gcc/arm-atollic-eabi/6.3.1/../../../../arm-atollic-eabi/lib/armv7e-m/fpu\libc_nano.a(lib_a-sbrkr.o)
 .ARM.attributes
                0x00000878       0x34 d:/master/robotique/truestudio for stm32 9.3.0/armtools/bin/../lib/gcc/arm-atollic-eabi/6.3.1/../../../../arm-atollic-eabi/lib/armv7e-m/fpu\libc_nano.a(lib_a-scanf.o)
 .ARM.attributes
                0x000008ac       0x34 d:/master/robotique/truestudio for stm32 9.3.0/armtools/bin/../lib/gcc/arm-atollic-eabi/6.3.1/../../../../arm-atollic-eabi/lib/armv7e-m/fpu\libc_nano.a(lib_a-setvbuf.o)
 .ARM.attributes
                0x000008e0       0x34 d:/master/robotique/truestudio for stm32 9.3.0/armtools/bin/../lib/gcc/arm-atollic-eabi/6.3.1/../../../../arm-atollic-eabi/lib/armv7e-m/fpu\libc_nano.a(lib_a-wbuf.o)
 .ARM.attributes
                0x00000914       0x34 d:/master/robotique/truestudio for stm32 9.3.0/armtools/bin/../lib/gcc/arm-atollic-eabi/6.3.1/../../../../arm-atollic-eabi/lib/armv7e-m/fpu\libc_nano.a(lib_a-wsetup.o)
 .ARM.attributes
                0x00000948       0x34 d:/master/robotique/truestudio for stm32 9.3.0/armtools/bin/../lib/gcc/arm-atollic-eabi/6.3.1/../../../../arm-atollic-eabi/lib/armv7e-m/fpu\libc_nano.a(lib_a-fflush.o)
 .ARM.attributes
                0x0000097c       0x34 d:/master/robotique/truestudio for stm32 9.3.0/armtools/bin/../lib/gcc/arm-atollic-eabi/6.3.1/../../../../arm-atollic-eabi/lib/armv7e-m/fpu\libc_nano.a(lib_a-findfp.o)
 .ARM.attributes
                0x000009b0       0x34 d:/master/robotique/truestudio for stm32 9.3.0/armtools/bin/../lib/gcc/arm-atollic-eabi/6.3.1/../../../../arm-atollic-eabi/lib/armv7e-m/fpu\libc_nano.a(lib_a-fwalk.o)
 .ARM.attributes
                0x000009e4       0x34 d:/master/robotique/truestudio for stm32 9.3.0/armtools/bin/../lib/gcc/arm-atollic-eabi/6.3.1/../../../../arm-atollic-eabi/lib/armv7e-m/fpu\libc_nano.a(lib_a-makebuf.o)
 .ARM.attributes
                0x00000a18       0x20 d:/master/robotique/truestudio for stm32 9.3.0/armtools/bin/../lib/gcc/arm-atollic-eabi/6.3.1/../../../../arm-atollic-eabi/lib/armv7e-m/fpu\libc_nano.a(lib_a-memchr.o)
 .ARM.attributes
                0x00000a38       0x34 d:/master/robotique/truestudio for stm32 9.3.0/armtools/bin/../lib/gcc/arm-atollic-eabi/6.3.1/../../../../arm-atollic-eabi/lib/armv7e-m/fpu\libc_nano.a(lib_a-mlock.o)
 .ARM.attributes
                0x00000a6c       0x34 d:/master/robotique/truestudio for stm32 9.3.0/armtools/bin/../lib/gcc/arm-atollic-eabi/6.3.1/../../../../arm-atollic-eabi/lib/armv7e-m/fpu\libc_nano.a(lib_a-nano-reallocr.o)
 .ARM.attributes
                0x00000aa0       0x34 d:/master/robotique/truestudio for stm32 9.3.0/armtools/bin/../lib/gcc/arm-atollic-eabi/6.3.1/../../../../arm-atollic-eabi/lib/armv7e-m/fpu\libc_nano.a(lib_a-nano-vfscanf.o)
 .ARM.attributes
                0x00000ad4       0x34 d:/master/robotique/truestudio for stm32 9.3.0/armtools/bin/../lib/gcc/arm-atollic-eabi/6.3.1/../../../../arm-atollic-eabi/lib/armv7e-m/fpu\libc_nano.a(lib_a-nano-vfscanf_i.o)
 .ARM.attributes
                0x00000b08       0x34 d:/master/robotique/truestudio for stm32 9.3.0/armtools/bin/../lib/gcc/arm-atollic-eabi/6.3.1/../../../../arm-atollic-eabi/lib/armv7e-m/fpu\libc_nano.a(lib_a-reent.o)
 .ARM.attributes
                0x00000b3c       0x34 d:/master/robotique/truestudio for stm32 9.3.0/armtools/bin/../lib/gcc/arm-atollic-eabi/6.3.1/../../../../arm-atollic-eabi/lib/armv7e-m/fpu\libc_nano.a(lib_a-refill.o)
 .ARM.attributes
                0x00000b70       0x34 d:/master/robotique/truestudio for stm32 9.3.0/armtools/bin/../lib/gcc/arm-atollic-eabi/6.3.1/../../../../arm-atollic-eabi/lib/armv7e-m/fpu\libc_nano.a(lib_a-sccl.o)
 .ARM.attributes
                0x00000ba4       0x34 d:/master/robotique/truestudio for stm32 9.3.0/armtools/bin/../lib/gcc/arm-atollic-eabi/6.3.1/../../../../arm-atollic-eabi/lib/armv7e-m/fpu\libc_nano.a(lib_a-stdio.o)
 .ARM.attributes
                0x00000bd8       0x34 d:/master/robotique/truestudio for stm32 9.3.0/armtools/bin/../lib/gcc/arm-atollic-eabi/6.3.1/../../../../arm-atollic-eabi/lib/armv7e-m/fpu\libc_nano.a(lib_a-strtol.o)
 .ARM.attributes
                0x00000c0c       0x34 d:/master/robotique/truestudio for stm32 9.3.0/armtools/bin/../lib/gcc/arm-atollic-eabi/6.3.1/../../../../arm-atollic-eabi/lib/armv7e-m/fpu\libc_nano.a(lib_a-strtoul.o)
 .ARM.attributes
                0x00000c40       0x34 d:/master/robotique/truestudio for stm32 9.3.0/armtools/bin/../lib/gcc/arm-atollic-eabi/6.3.1/../../../../arm-atollic-eabi/lib/armv7e-m/fpu\libc_nano.a(lib_a-ungetc.o)
 .ARM.attributes
                0x00000c74       0x34 d:/master/robotique/truestudio for stm32 9.3.0/armtools/bin/../lib/gcc/arm-atollic-eabi/6.3.1/../../../../arm-atollic-eabi/lib/armv7e-m/fpu\libc_nano.a(lib_a-writer.o)
 .ARM.attributes
                0x00000ca8       0x34 d:/master/robotique/truestudio for stm32 9.3.0/armtools/bin/../lib/gcc/arm-atollic-eabi/6.3.1/../../../../arm-atollic-eabi/lib/armv7e-m/fpu\libc_nano.a(lib_a-closer.o)
 .ARM.attributes
                0x00000cdc       0x34 d:/master/robotique/truestudio for stm32 9.3.0/armtools/bin/../lib/gcc/arm-atollic-eabi/6.3.1/../../../../arm-atollic-eabi/lib/armv7e-m/fpu\libc_nano.a(lib_a-fstatr.o)
 .ARM.attributes
                0x00000d10       0x34 d:/master/robotique/truestudio for stm32 9.3.0/armtools/bin/../lib/gcc/arm-atollic-eabi/6.3.1/../../../../arm-atollic-eabi/lib/armv7e-m/fpu\libc_nano.a(lib_a-isattyr.o)
 .ARM.attributes
                0x00000d44       0x34 d:/master/robotique/truestudio for stm32 9.3.0/armtools/bin/../lib/gcc/arm-atollic-eabi/6.3.1/../../../../arm-atollic-eabi/lib/armv7e-m/fpu\libc_nano.a(lib_a-locale.o)
 .ARM.attributes
                0x00000d78       0x34 d:/master/robotique/truestudio for stm32 9.3.0/armtools/bin/../lib/gcc/arm-atollic-eabi/6.3.1/../../../../arm-atollic-eabi/lib/armv7e-m/fpu\libc_nano.a(lib_a-lseekr.o)
 .ARM.attributes
                0x00000dac       0x34 d:/master/robotique/truestudio for stm32 9.3.0/armtools/bin/../lib/gcc/arm-atollic-eabi/6.3.1/../../../../arm-atollic-eabi/lib/armv7e-m/fpu\libc_nano.a(lib_a-mbtowc_r.o)
 .ARM.attributes
                0x00000de0       0x34 d:/master/robotique/truestudio for stm32 9.3.0/armtools/bin/../lib/gcc/arm-atollic-eabi/6.3.1/../../../../arm-atollic-eabi/lib/armv7e-m/fpu\libc_nano.a(lib_a-nano-msizer.o)
 .ARM.attributes
                0x00000e14       0x34 d:/master/robotique/truestudio for stm32 9.3.0/armtools/bin/../lib/gcc/arm-atollic-eabi/6.3.1/../../../../arm-atollic-eabi/lib/armv7e-m/fpu\libc_nano.a(lib_a-readr.o)
 .ARM.attributes
                0x00000e48       0x34 d:/master/robotique/truestudio for stm32 9.3.0/armtools/bin/../lib/gcc/arm-atollic-eabi/6.3.1/../../../../arm-atollic-eabi/lib/armv7e-m/fpu\libc_nano.a(lib_a-wctomb_r.o)
 .ARM.attributes
                0x00000e7c       0x34 d:/master/robotique/truestudio for stm32 9.3.0/armtools/bin/../lib/gcc/arm-atollic-eabi/6.3.1/../../../../arm-atollic-eabi/lib/armv7e-m/fpu\libc_nano.a(lib_a-ctype_.o)
 .ARM.attributes
                0x00000eb0       0x22 d:/master/robotique/truestudio for stm32 9.3.0/armtools/bin/../lib/gcc/arm-atollic-eabi/6.3.1/armv7e-m/fpu\libgcc.a(_aeabi_uldivmod.o)
 .ARM.attributes
                0x00000ed2       0x34 d:/master/robotique/truestudio for stm32 9.3.0/armtools/bin/../lib/gcc/arm-atollic-eabi/6.3.1/armv7e-m/fpu\libgcc.a(_udivmoddi4.o)
 .ARM.attributes
                0x00000f06       0x22 d:/master/robotique/truestudio for stm32 9.3.0/armtools/bin/../lib/gcc/arm-atollic-eabi/6.3.1/armv7e-m/fpu\libgcc.a(_dvmd_tls.o)
 .ARM.attributes
                0x00000f28       0x22 d:/master/robotique/truestudio for stm32 9.3.0/armtools/bin/../lib/gcc/arm-atollic-eabi/6.3.1/armv7e-m/fpu/crtn.o
OUTPUT(funambule.elf elf32-littlearm)

.debug_info     0x00000000    0x3157e
 .debug_info    0x00000000      0x979 Drivers\STM32F4xx_HAL_Driver\Src\stm32f4xx_hal.o
 .debug_info    0x00000979      0xef6 Drivers\STM32F4xx_HAL_Driver\Src\stm32f4xx_hal_cortex.o
 .debug_info    0x0000186f      0xaa1 Drivers\STM32F4xx_HAL_Driver\Src\stm32f4xx_hal_dma.o
 .debug_info    0x00002310      0x7f1 Drivers\STM32F4xx_HAL_Driver\Src\stm32f4xx_hal_gpio.o