filter.c:22:12:__print_poly_z	40	static
filter.c:40:13:rc_filter_empty	8	static
filter.c:178:5:rc_filter_free	160	static
filter.c:46:5:rc_filter_alloc	56	static
filter.c:158:5:rc_filter_duplicate	24	static
filter.c:100:5:rc_filter_alloc_from_arrays	40	static
filter.c:194:8:rc_filter_march	48	static
filter.c:250:5:rc_filter_reset	8	static
filter.c:267:5:rc_filter_print	16	static
filter.c:293:5:rc_filter_enable_saturation	32	static
filter.c:310:5:rc_filter_get_saturation_flag	8	static
filter.c:320:5:rc_filter_enable_soft_start	24	static
filter.c:340:8:rc_filter_previous_input	8	static
filter.c:350:8:rc_filter_previous_output	8	static
filter.c:361:5:rc_filter_prefill_inputs	24	static
filter.c:376:5:rc_filter_prefill_outputs	24	static
filter.c:391:5:rc_filter_multiply	56	static
filter.c:425:5:rc_filter_multiply_three	96	static
filter.c:478:5:rc_filter_c2d_tustin	192	static
filter.c:553:5:rc_filter_normalize	32	static
filter.c:575:5:rc_filter_first_order_lowpass	72	static
filter.c:604:5:rc_filter_first_order_highpass	72	static
filter.c:633:5:rc_filter_butterworth_lowpass	72	static
filter.c:659:5:rc_filter_butterworth_highpass	72	static
filter.c:687:5:rc_filter_moving_average	72	static
filter.c:723:5:rc_filter_integrator	64	static
filter.c:750:5:rc_filter_double_integrator	80	static
filter.c:777:5:rc_filter_pid	128	static
filter.c:839:5:rc_filter_third_order_complement	144	static
