matrix.c:21:13:rc_matrix_empty	0	static
matrix.c:68:5:rc_matrix_free	24	static
matrix.c:28:5:rc_matrix_alloc	24	static
matrix.c:84:5:rc_matrix_zeros	24	static
matrix.c:120:5:rc_matrix_identity	16	static
matrix.c:133:5:rc_matrix_random	16	static
matrix.c:145:5:rc_matrix_diagonal	32	static
matrix.c:163:5:rc_matrix_duplicate	32	static
matrix.c:181:5:rc_matrix_print	32	static
matrix.c:198:5:rc_matrix_print_sci	32	static
matrix.c:215:5:rc_matrix_zero_out	16	static
matrix.c:231:5:rc_matrix_times_scalar	24	static
matrix.c:244:5:rc_matrix_multiply	72	dynamic
matrix.c:282:5:rc_matrix_left_multiply_inplace	72	static
matrix.c:306:5:rc_matrix_right_multiply_inplace	56	static
matrix.c:329:5:rc_matrix_add	40	static
matrix.c:350:5:rc_matrix_add_inplace	16	static
matrix.c:365:5:rc_matrix_subtract_inplace	16	static
matrix.c:381:5:rc_matrix_transpose	40	static
matrix.c:403:5:rc_matrix_transpose_inplace	32	static
matrix.c:429:5:rc_matrix_times_col_vec	40	static
matrix.c:451:5:rc_matrix_row_vec_times_matrix	64	dynamic
matrix.c:487:5:rc_matrix_outer_product	48	static
matrix.c:506:8:rc_matrix_determinant	88	static
matrix.c:543:5:rc_matrix_symmetrize	32	static
