quaternion.c:18:8:rc_quaternion_norm	24	static
quaternion.c:28:8:rc_quaternion_norm_array	24	static
quaternion.c:41:5:rc_normalize_quaternion	24	static
quaternion.c:60:5:rc_normalize_quaternion_array	24	static
quaternion.c:98:5:rc_quaternion_to_tb_array	40	static
quaternion.c:79:5:rc_quaternion_to_tb	24	static
quaternion.c:135:5:rc_quaternion_from_tb_array	104	static
quaternion.c:116:5:rc_quaternion_from_tb	24	static
quaternion.c:161:5:rc_quaternion_conjugate	32	static
quaternion.c:185:5:rc_quaternion_conjugate_inplace	16	static
quaternion.c:204:5:rc_quaternion_conjugate_array	24	static
quaternion.c:218:5:rc_quaternion_conjugate_array_inplace	16	static
quaternion.c:231:5:rc_quaternion_imaginary_part	24	static
quaternion.c:252:5:rc_quaternion_multiply	64	static
quaternion.c:296:5:rc_quaternion_multiply_array	168	static
quaternion.c:331:5:rc_quaternion_rotate	64	static
quaternion.c:367:5:rc_quaternion_rotate_array	80	static
quaternion.c:387:5:rc_quaternion_rotate_vector	40	static
quaternion.c:424:5:rc_quaternion_rotate_vector_array	40	static
quaternion.c:447:5:rc_quaternion_to_rotation_matrix	72	static
