vector.c:56:5:rc_vector_free	24	static
vector.c:30:5:rc_vector_alloc	16	static
vector.c:71:13:rc_vector_empty	0	static
vector.c:78:5:rc_vector_zeros	16	static
vector.c:102:5:rc_vector_ones	16	static
vector.c:114:5:rc_vector_random	24	static
vector.c:125:5:rc_vector_fibonnaci	24	static
vector.c:139:5:rc_vector_from_array	16	static
vector.c:157:5:rc_vector_duplicate	32	static
vector.c:175:5:rc_vector_print	24	static
vector.c:187:5:rc_vector_print_sci	24	static
vector.c:199:5:rc_vector_zero_out	16	static
vector.c:210:5:rc_vector_times_scalar	24	static
vector.c:222:8:rc_vector_norm	48	static
vector.c:251:5:rc_vector_max	48	static
vector.c:270:5:rc_vector_min	48	static
vector.c:289:8:rc_vector_std_dev	48	static
vector.c:313:8:rc_vector_mean	32	static
vector.c:350:8:rc_vector_dot_product	24	static
vector.c:327:5:rc_vector_projection	56	static
vector.c:364:5:rc_vector_cross_product	48	static
vector.c:386:5:rc_vector_sum	40	static
vector.c:407:5:rc_vector_sum_inplace	32	static
vector.c:424:5:rc_vector_subtract	40	static
